../Core/Src/main.c:81:6:HAL_ADC_ConvCpltCallback	24	static
../Core/Src/main.c:114:6:HAL_GPIO_EXTI_Callback	16	static
../Core/Src/main.c:130:5:main	8	static
../Core/Src/main.c:212:6:SystemClock_Config	88	static
../Core/Src/main.c:258:13:MX_ADC3_Init	24	static
../Core/Src/main.c:328:13:MX_DAC_Init	16	static
../Core/Src/main.c:375:13:MX_TIM2_Init	64	static
../Core/Src/main.c:435:13:MX_TIM3_Init	32	static
../Core/Src/main.c:480:13:MX_TIM8_Init	96	static
../Core/Src/main.c:570:13:MX_DMA_Init	16	static
../Core/Src/main.c:588:13:MX_GPIO_Init	48	static
../Core/Src/main.c:630:6:Error_Handler	4	static,ignoring_inline_asm
