Component: ARM Compiler 5.06 update 6 (build 750) Tool: armlink [4d35ed]

==============================================================================

Section Cross References

    startup_stm32f407xx.o(STACK) refers (Special) to heapauxi.o(.text) for __use_two_region_memory
    startup_stm32f407xx.o(HEAP) refers (Special) to heapauxi.o(.text) for __use_two_region_memory
    startup_stm32f407xx.o(RESET) refers (Special) to heapauxi.o(.text) for __use_two_region_memory
    startup_stm32f407xx.o(RESET) refers to startup_stm32f407xx.o(STACK) for __initial_sp
    startup_stm32f407xx.o(RESET) refers to startup_stm32f407xx.o(.text) for Reset_Handler
    startup_stm32f407xx.o(RESET) refers to stm32f4xx_it.o(i.NMI_Handler) for NMI_Handler
    startup_stm32f407xx.o(RESET) refers to stm32f4xx_it.o(i.HardFault_Handler) for HardFault_Handler
    startup_stm32f407xx.o(RESET) refers to stm32f4xx_it.o(i.MemManage_Handler) for MemManage_Handler
    startup_stm32f407xx.o(RESET) refers to stm32f4xx_it.o(i.BusFault_Handler) for BusFault_Handler
    startup_stm32f407xx.o(RESET) refers to stm32f4xx_it.o(i.UsageFault_Handler) for UsageFault_Handler
    startup_stm32f407xx.o(RESET) refers to stm32f4xx_it.o(i.SVC_Handler) for SVC_Handler
    startup_stm32f407xx.o(RESET) refers to stm32f4xx_it.o(i.DebugMon_Handler) for DebugMon_Handler
    startup_stm32f407xx.o(RESET) refers to stm32f4xx_it.o(i.PendSV_Handler) for PendSV_Handler
    startup_stm32f407xx.o(RESET) refers to stm32f4xx_it.o(i.SysTick_Handler) for SysTick_Handler
    startup_stm32f407xx.o(RESET) refers to stm32f4xx_it.o(i.ADC_IRQHandler) for ADC_IRQHandler
    startup_stm32f407xx.o(RESET) refers to stm32f4xx_it.o(i.TIM8_UP_TIM13_IRQHandler) for TIM8_UP_TIM13_IRQHandler
    startup_stm32f407xx.o(RESET) refers to stm32f4xx_it.o(i.TIM5_IRQHandler) for TIM5_IRQHandler
    startup_stm32f407xx.o(RESET) refers to stm32f4xx_it.o(i.DMA2_Stream0_IRQHandler) for DMA2_Stream0_IRQHandler
    startup_stm32f407xx.o(.text) refers (Special) to heapauxi.o(.text) for __use_two_region_memory
    startup_stm32f407xx.o(.text) refers to system_stm32f4xx.o(i.SystemInit) for SystemInit
    startup_stm32f407xx.o(.text) refers to __main.o(!!!main) for __main
    startup_stm32f407xx.o(.text) refers to startup_stm32f407xx.o(HEAP) for Heap_Mem
    startup_stm32f407xx.o(.text) refers to startup_stm32f407xx.o(STACK) for Stack_Mem
    pmsm_control.o(i.PI_D) refers to f2d.o(x$fpl$f2d) for __aeabi_f2d
    pmsm_control.o(i.PI_D) refers to dmul.o(x$fpl$dmul) for __aeabi_dmul
    pmsm_control.o(i.PI_D) refers to daddsub_clz.o(x$fpl$dadd) for __aeabi_dadd
    pmsm_control.o(i.PI_D) refers to d2f.o(x$fpl$d2f) for __aeabi_d2f
    pmsm_control.o(i.PI_D) refers to pmsm_control.o(.data) for .data
    pmsm_control.o(i.PI_Q) refers to f2d.o(x$fpl$f2d) for __aeabi_f2d
    pmsm_control.o(i.PI_Q) refers to dmul.o(x$fpl$dmul) for __aeabi_dmul
    pmsm_control.o(i.PI_Q) refers to daddsub_clz.o(x$fpl$dadd) for __aeabi_dadd
    pmsm_control.o(i.PI_Q) refers to d2f.o(x$fpl$d2f) for __aeabi_d2f
    pmsm_control.o(i.PI_Q) refers to pmsm_control.o(.data) for .data
    pmsm_control.o(i.PI_speed) refers to f2d.o(x$fpl$f2d) for __aeabi_f2d
    pmsm_control.o(i.PI_speed) refers to daddsub_clz.o(x$fpl$drsb) for __aeabi_drsub
    pmsm_control.o(i.PI_speed) refers to d2f.o(x$fpl$d2f) for __aeabi_d2f
    pmsm_control.o(i.PI_speed) refers to dmul.o(x$fpl$dmul) for __aeabi_dmul
    pmsm_control.o(i.PI_speed) refers to daddsub_clz.o(x$fpl$dadd) for __aeabi_dadd
    pmsm_control.o(i.PI_speed) refers to pmsm_control.o(.data) for .data
    pmsm_control.o(i.abc_to_alp_bet) refers to f2d.o(x$fpl$f2d) for __aeabi_f2d
    pmsm_control.o(i.abc_to_alp_bet) refers to dmul.o(x$fpl$dmul) for __aeabi_dmul
    pmsm_control.o(i.abc_to_alp_bet) refers to daddsub_clz.o(x$fpl$dsub) for __aeabi_dsub
    pmsm_control.o(i.abc_to_alp_bet) refers to d2f.o(x$fpl$d2f) for __aeabi_d2f
    pmsm_control.o(i.coslkrd) refers to f2d.o(x$fpl$f2d) for __aeabi_f2d
    pmsm_control.o(i.coslkrd) refers to dmul.o(x$fpl$dmul) for __aeabi_dmul
    pmsm_control.o(i.coslkrd) refers to dfix.o(x$fpl$dfix) for __aeabi_d2iz
    pmsm_control.o(i.coslkrd) refers to pmsm_control.o(.constdata) for .constdata
    pmsm_control.o(i.current_calc) refers to f2d.o(x$fpl$f2d) for __aeabi_f2d
    pmsm_control.o(i.current_calc) refers to dmul.o(x$fpl$dmul) for __aeabi_dmul
    pmsm_control.o(i.current_calc) refers to d2f.o(x$fpl$d2f) for __aeabi_d2f
    pmsm_control.o(i.sinlkrd) refers to f2d.o(x$fpl$f2d) for __aeabi_f2d
    pmsm_control.o(i.sinlkrd) refers to dmul.o(x$fpl$dmul) for __aeabi_dmul
    pmsm_control.o(i.sinlkrd) refers to dfix.o(x$fpl$dfix) for __aeabi_d2iz
    pmsm_control.o(i.sinlkrd) refers to pmsm_control.o(.constdata) for .constdata
    main.o(i.ADC_CALIB_OFFSET) refers to main.o(i.lowpass) for lowpass
    main.o(i.ADC_CALIB_OFFSET) refers to main.o(.bss) for .bss
    main.o(i.ADC_CALIB_OFFSET) refers to main.o(.data) for .data
[...]
    i.HAL_TIMEx_BreakCallback                0x08001bec   Section        0  stm32f4xx_hal_tim_ex.o(i.HAL_TIMEx_BreakCallback)
    i.HAL_TIMEx_CommutCallback               0x08001bee   Section        0  stm32f4xx_hal_tim_ex.o(i.HAL_TIMEx_CommutCallback)
    i.HAL_TIMEx_ConfigBreakDeadTime          0x08001bf0   Section        0  stm32f4xx_hal_tim_ex.o(i.HAL_TIMEx_ConfigBreakDeadTime)
    i.HAL_TIMEx_MasterConfigSynchronization  0x08001c44   Section        0  stm32f4xx_hal_tim_ex.o(i.HAL_TIMEx_MasterConfigSynchronization)
    i.HAL_TIMEx_PWMN_Start                   0x08001cd4   Section        0  stm32f4xx_hal_tim_ex.o(i.HAL_TIMEx_PWMN_Start)
    i.HAL_TIM_Base_Init                      0x08001d94   Section        0  stm32f4xx_hal_tim.o(i.HAL_TIM_Base_Init)
    i.HAL_TIM_Base_MspInit                   0x08001df0   Section        0  stm32f4xx_hal_msp.o(i.HAL_TIM_Base_MspInit)
    i.HAL_TIM_Base_Start                     0x08001e44   Section        0  stm32f4xx_hal_tim.o(i.HAL_TIM_Base_Start)
    i.HAL_TIM_Base_Start_IT                  0x08001ebc   Section        0  stm32f4xx_hal_tim.o(i.HAL_TIM_Base_Start_IT)
    i.HAL_TIM_ConfigClockSource              0x08001f3c   Section        0  stm32f4xx_hal_tim.o(i.HAL_TIM_ConfigClockSource)
    i.HAL_TIM_IC_CaptureCallback             0x08002018   Section        0  stm32f4xx_hal_tim.o(i.HAL_TIM_IC_CaptureCallback)
    i.HAL_TIM_IC_ConfigChannel               0x0800201a   Section        0  stm32f4xx_hal_tim.o(i.HAL_TIM_IC_ConfigChannel)
    i.HAL_TIM_IC_Init                        0x08002138   Section        0  stm32f4xx_hal_tim.o(i.HAL_TIM_IC_Init)
    i.HAL_TIM_IC_MspInit                     0x08002194   Section        0  stm32f4xx_hal_msp.o(i.HAL_TIM_IC_MspInit)
    i.HAL_TIM_IC_Start_IT                    0x0800220c   Section        0  stm32f4xx_hal_tim.o(i.HAL_TIM_IC_Start_IT)
    i.HAL_TIM_IRQHandler                     0x08002318   Section        0  stm32f4xx_hal_tim.o(i.HAL_TIM_IRQHandler)
    i.HAL_TIM_MspPostInit                    0x08002480   Section        0  stm32f4xx_hal_msp.o(i.HAL_TIM_MspPostInit)
    i.HAL_TIM_OC_ConfigChannel               0x0800252c   Section        0  stm32f4xx_hal_tim.o(i.HAL_TIM_OC_ConfigChannel)
    i.HAL_TIM_OC_DelayElapsedCallback        0x0800257e   Section        0  stm32f4xx_hal_tim.o(i.HAL_TIM_OC_DelayElapsedCallback)
    i.HAL_TIM_OC_Init                        0x08002580   Section        0  stm32f4xx_hal_tim.o(i.HAL_TIM_OC_Init)
    i.HAL_TIM_OC_MspInit                     0x080025da   Section        0  stm32f4xx_hal_tim.o(i.HAL_TIM_OC_MspInit)
    i.HAL_TIM_PWM_ConfigChannel              0x080025dc   Section        0  stm32f4xx_hal_tim.o(i.HAL_TIM_PWM_ConfigChannel)
    i.HAL_TIM_PWM_Init                       0x080026a8   Section        0  stm32f4xx_hal_tim.o(i.HAL_TIM_PWM_Init)
    i.HAL_TIM_PWM_MspInit                    0x08002702   Section        0  stm32f4xx_hal_tim.o(i.HAL_TIM_PWM_MspInit)
    i.HAL_TIM_PWM_PulseFinishedCallback      0x08002704   Section        0  stm32f4xx_hal_tim.o(i.HAL_TIM_PWM_PulseFinishedCallback)
    i.HAL_TIM_PWM_Start                      0x08002708   Section        0  stm32f4xx_hal_tim.o(i.HAL_TIM_PWM_Start)
    i.HAL_TIM_PeriodElapsedCallback          0x080027d0   Section        0  stm32f4xx_hal_tim.o(i.HAL_TIM_PeriodElapsedCallback)
    i.HAL_TIM_SlaveConfigSynchro             0x080027d2   Section        0  stm32f4xx_hal_tim.o(i.HAL_TIM_SlaveConfigSynchro)
    i.HAL_TIM_TriggerCallback                0x08002828   Section        0  stm32f4xx_hal_tim.o(i.HAL_TIM_TriggerCallback)
    i.HardFault_Handler                      0x0800282a   Section        0  stm32f4xx_it.o(i.HardFault_Handler)
    i.MX_ADC3_Init                           0x0800282c   Section        0  main.o(i.MX_ADC3_Init)
    MX_ADC3_Init                             0x0800282d   Thumb Code   136  main.o(i.MX_ADC3_Init)
    i.MX_GPIO_Init                           0x080028bc   Section        0  main.o(i.MX_GPIO_Init)
    MX_GPIO_Init                             0x080028bd   Thumb Code   210  main.o(i.MX_GPIO_Init)
    i.MX_TIM2_Init                           0x080029a4   Section        0  main.o(i.MX_TIM2_Init)
    MX_TIM2_Init                             0x080029a5   Thumb Code   150  main.o(i.MX_TIM2_Init)
    i.MX_TIM5_Init                           0x08002a40   Section        0  main.o(i.MX_TIM5_Init)
    MX_TIM5_Init                             0x08002a41   Thumb Code   132  main.o(i.MX_TIM5_Init)
    i.MX_TIM8_Init                           0x08002acc   Section        0  main.o(i.MX_TIM8_Init)
    MX_TIM8_Init                             0x08002acd   Thumb Code   264  main.o(i.MX_TIM8_Init)
    i.MemManage_Handler                      0x08002bdc   Section        0  stm32f4xx_it.o(i.MemManage_Handler)
    i.NMI_Handler                            0x08002bde   Section        0  stm32f4xx_it.o(i.NMI_Handler)
    i.PI_D                                   0x08002be0   Section        0  pmsm_control.o(i.PI_D)
    i.PI_Q                                   0x08002c8c   Section        0  pmsm_control.o(i.PI_Q)
    i.PI_speed                               0x08002d38   Section        0  pmsm_control.o(i.PI_speed)
    i.PendSV_Handler                         0x08002e08   Section        0  stm32f4xx_it.o(i.PendSV_Handler)
    i.SVC_Handler                            0x08002e0a   Section        0  stm32f4xx_it.o(i.SVC_Handler)
    i.SysTick_Handler                        0x08002e0c   Section        0  stm32f4xx_it.o(i.SysTick_Handler)
    i.SystemClock_Config                     0x08002e10   Section        0  main.o(i.SystemClock_Config)
    i.SystemInit                             0x08002ea0   Section        0  system_stm32f4xx.o(i.SystemInit)
    i.TIM5_IRQHandler                        0x08002eb0   Section        0  stm32f4xx_it.o(i.TIM5_IRQHandler)
    i.TIM8_UP_TIM13_IRQHandler               0x08002f38   Section        0  stm32f4xx_it.o(i.TIM8_UP_TIM13_IRQHandler)
    i.TIM_Base_SetConfig                     0x08002f44   Section        0  stm32f4xx_hal_tim.o(i.TIM_Base_SetConfig)
    i.TIM_CCxChannelCmd                      0x0800300c   Section        0  stm32f4xx_hal_tim.o(i.TIM_CCxChannelCmd)
    i.TIM_CCxNChannelCmd                     0x08003026   Section        0  stm32f4xx_hal_tim_ex.o(i.TIM_CCxNChannelCmd)
    TIM_CCxNChannelCmd                       0x08003027   Thumb Code    26  stm32f4xx_hal_tim_ex.o(i.TIM_CCxNChannelCmd)
    i.TIM_ETR_SetConfig                      0x08003040   Section        0  stm32f4xx_hal_tim.o(i.TIM_ETR_SetConfig)
    i.TIM_ITRx_SetConfig                     0x08003054   Section        0  stm32f4xx_hal_tim.o(i.TIM_ITRx_SetConfig)
    TIM_ITRx_SetConfig                       0x08003055   Thumb Code    16  stm32f4xx_hal_tim.o(i.TIM_ITRx_SetConfig)
    i.TIM_OC1_SetConfig                      0x08003064   Section        0  stm32f4xx_hal_tim.o(i.TIM_OC1_SetConfig)
    TIM_OC1_SetConfig                        0x08003065   Thumb Code    88  stm32f4xx_hal_tim.o(i.TIM_OC1_SetConfig)
    i.TIM_OC2_SetConfig                      0x080030c4   Section        0  stm32f4xx_hal_tim.o(i.TIM_OC2_SetConfig)
    i.TIM_OC3_SetConfig                      0x08003130   Section        0  stm32f4xx_hal_tim.o(i.TIM_OC3_SetConfig)
    TIM_OC3_SetConfig                        0x08003131   Thumb Code    96  stm32f4xx_hal_tim.o(i.TIM_OC3_SetConfig)
    i.TIM_OC4_SetConfig                      0x08003198   Section        0  stm32f4xx_hal_tim.o(i.TIM_OC4_SetConfig)
    TIM_OC4_SetConfig                        0x08003199   Thumb Code    70  stm32f4xx_hal_tim.o(i.TIM_OC4_SetConfig)
    i.TIM_SlaveTimer_SetConfig               0x080031e8   Section        0  stm32f4xx_hal_tim.o(i.TIM_SlaveTimer_SetConfig)
    TIM_SlaveTimer_SetConfig                 0x080031e9   Thumb Code   140  stm32f4xx_hal_tim.o(i.TIM_SlaveTimer_SetConfig)
    i.TIM_TI1_ConfigInputStage               0x08003274   Section        0  stm32f4xx_hal_tim.o(i.TIM_TI1_ConfigInputStage)
    TIM_TI1_ConfigInputStage                 0x08003275   Thumb Code    34  stm32f4xx_hal_tim.o(i.TIM_TI1_ConfigInputStage)
    i.TIM_TI1_SetConfig                      0x08003298   Section        0  stm32f4xx_hal_tim.o(i.TIM_TI1_SetConfig)
    i.TIM_TI2_ConfigInputStage               0x08003318   Section        0  stm32f4xx_hal_tim.o(i.TIM_TI2_ConfigInputStage)
    TIM_TI2_ConfigInputStage                 0x08003319   Thumb Code    36  stm32f4xx_hal_tim.o(i.TIM_TI2_ConfigInputStage)
    i.TIM_TI2_SetConfig                      0x0800333c   Section        0  stm32f4xx_hal_tim.o(i.TIM_TI2_SetConfig)
    TIM_TI2_SetConfig                        0x0800333d   Thumb Code    54  stm32f4xx_hal_tim.o(i.TIM_TI2_SetConfig)
    i.UsageFault_Handler                     0x08003372   Section        0  stm32f4xx_it.o(i.UsageFault_Handler)
    i.__ARM_fpclassify                       0x08003374   Section        0  fpclassify.o(i.__ARM_fpclassify)
    i.__NVIC_SetPriority                     0x080033a4   Section        0  stm32f4xx_hal_cortex.o(i.__NVIC_SetPriority)
    __NVIC_SetPriority                       0x080033a5   Thumb Code    32  stm32f4xx_hal_cortex.o(i.__NVIC_SetPriority)
    i.__hardfp_atan                          0x080033c8   Section        0  atan.o(i.__hardfp_atan)
    i.__hardfp_atan2                         0x080036a0   Section        0  atan2.o(i.__hardfp_atan2)
    i.__hardfp_fmod                          0x08003890   Section        0  fmod.o(i.__hardfp_fmod)
    i.__hardfp_sin                           0x08003998   Section        0  sin.o(i.__hardfp_sin)
    i.__hardfp_sqrt                          0x08003a60   Section        0  sqrt.o(i.__hardfp_sqrt)
    i.__ieee754_rem_pio2                     0x08003ae0   Section        0  rred.o(i.__ieee754_rem_pio2)
    i.__kernel_cos                           0x08003f18   Section        0  cos_i.o(i.__kernel_cos)
    i.__kernel_poly                          0x08004088   Section        0  poly.o(i.__kernel_poly)
    i.__kernel_sin                           0x08004180   Section        0  sin_i.o(i.__kernel_sin)
    i.__mathlib_dbl_infnan                   0x080042b0   Section        0  dunder.o(i.__mathlib_dbl_infnan)
    i.__mathlib_dbl_infnan2                  0x080042c4   Section        0  dunder.o(i.__mathlib_dbl_infnan2)
    i.__mathlib_dbl_invalid                  0x080042d8   Section        0  dunder.o(i.__mathlib_dbl_invalid)
    i.__mathlib_dbl_underflow                0x080042f8   Section        0  dunder.o(i.__mathlib_dbl_underflow)
    i.abc_to_alp_bet                         0x08004318   Section        0  pmsm_control.o(i.abc_to_alp_bet)
    i.atan                                   0x080043a8   Section        0  atan.o(i.atan)
    i.coslkrd                                0x080043b8   Section        0  pmsm_control.o(i.coslkrd)
    i.current_calc                           0x080043ec   Section        0  pmsm_control.o(i.current_calc)
    i.fabs                                   0x08004420   Section        0  fabs.o(i.fabs)
    i.lowpass                                0x08004438   Section        0  main.o(i.lowpass)
    i.main                                   0x08004468   Section        0  main.o(i.main)
    i.sinlkrd                                0x080045c0   Section        0  pmsm_control.o(i.sinlkrd)
    i.svpwm                                  0x080045f4   Section        0  main.o(i.svpwm)
    x$fpl$basic                              0x08004810   Section       24  basic.o(x$fpl$basic)
    $v0                                      0x08004810   Number         0  basic.o(x$fpl$basic)
    x$fpl$d2f                                0x08004828   Section       98  d2f.o(x$fpl$d2f)
    $v0                                      0x08004828   Number         0  d2f.o(x$fpl$d2f)
    x$fpl$dadd                               0x0800488c   Section      336  daddsub_clz.o(x$fpl$dadd)
    $v0                                      0x0800488c   Number         0  daddsub_clz.o(x$fpl$dadd)
    _dadd1                                   0x0800489d   Thumb Code     0  daddsub_clz.o(x$fpl$dadd)
    x$fpl$ddiv                               0x080049dc   Section      688  ddiv.o(x$fpl$ddiv)
    $v0                                      0x080049dc   Number         0  ddiv.o(x$fpl$ddiv)
    ddiv_entry                               0x080049e3   Thumb Code     0  ddiv.o(x$fpl$ddiv)
    x$fpl$dfix                               0x08004c8c   Section       94  dfix.o(x$fpl$dfix)
    $v0                                      0x08004c8c   Number         0  dfix.o(x$fpl$dfix)
    x$fpl$dfixu                              0x08004cec   Section       90  dfixu.o(x$fpl$dfixu)
    $v0                                      0x08004cec   Number         0  dfixu.o(x$fpl$dfixu)
    x$fpl$dflt                               0x08004d46   Section       46  dflt_clz.o(x$fpl$dflt)
    $v0                                      0x08004d46   Number         0  dflt_clz.o(x$fpl$dflt)
    x$fpl$dfltu                              0x08004d74   Section       38  dflt_clz.o(x$fpl$dfltu)
    $v0                                      0x08004d74   Number         0  dflt_clz.o(x$fpl$dfltu)
    x$fpl$dmul                               0x08004d9c   Section      340  dmul.o(x$fpl$dmul)
    $v0                                      0x08004d9c   Number         0  dmul.o(x$fpl$dmul)
    x$fpl$dnaninf                            0x08004ef0   Section      156  dnaninf.o(x$fpl$dnaninf)
    $v0                                      0x08004ef0   Number         0  dnaninf.o(x$fpl$dnaninf)
    x$fpl$drem                               0x08004f8c   Section      336  drem_clz.o(x$fpl$drem)
    $v0                                      0x08004f8c   Number         0  drem_clz.o(x$fpl$drem)
    x$fpl$dretinf                            0x080050dc   Section       12  dretinf.o(x$fpl$dretinf)
    $v0                                      0x080050dc   Number         0  dretinf.o(x$fpl$dretinf)
    x$fpl$drsb                               0x080050e8   Section       22  daddsub_clz.o(x$fpl$drsb)
    $v0                                      0x080050e8   Number         0  daddsub_clz.o(x$fpl$drsb)
    x$fpl$dsqrt                              0x08005100   Section      408  dsqrt_umaal.o(x$fpl$dsqrt)
    $v0                                      0x08005100   Number         0  dsqrt_umaal.o(x$fpl$dsqrt)
    x$fpl$dsub                               0x08005298   Section      468  daddsub_clz.o(x$fpl$dsub)
    $v0                                      0x08005298   Number         0  daddsub_clz.o(x$fpl$dsub)
    _dsub1                                   0x080052a9   Thumb Code     0  daddsub_clz.o(x$fpl$dsub)
    x$fpl$f2d                                0x0800546c   Section       86  f2d.o(x$fpl$f2d)
    $v0                                      0x0800546c   Number         0  f2d.o(x$fpl$f2d)
    x$fpl$fnaninf                            0x080054c2   Section      140  fnaninf.o(x$fpl$fnaninf)
    $v0                                      0x080054c2   Number         0  fnaninf.o(x$fpl$fnaninf)
    x$fpl$fpinit                             0x0800554e   Section       10  fpinit.o(x$fpl$fpinit)
    $v0                                      0x0800554e   Number         0  fpinit.o(x$fpl$fpinit)
    x$fpl$fretinf                            0x08005558   Section       10  fretinf.o(x$fpl$fretinf)
    $v0                                      0x08005558   Number         0  fretinf.o(x$fpl$fretinf)
    x$fpl$usenofp                            0x08005562   Section        0  usenofp.o(x$fpl$usenofp)
    .constdata                               0x08005564   Section    28808  pmsm_control.o(.constdata)
    sin_tab                                  0x08005564   Data       14404  pmsm_control.o(.constdata)
    cos_tab                                  0x08008da8   Data       14404  pmsm_control.o(.constdata)
    .constdata                               0x0800c5ec   Section        8  stm32f4xx_hal_dma.o(.constdata)
    flagBitshiftOffset                       0x0800c5ec   Data           8  stm32f4xx_hal_dma.o(.constdata)
    .constdata                               0x0800c5f4   Section       16  system_stm32f4xx.o(.constdata)
    .constdata                               0x0800c608   Section      152  atan.o(.constdata)
    atanhi                                   0x0800c608   Data          32  atan.o(.constdata)
    atanlo                                   0x0800c628   Data          32  atan.o(.constdata)
    aTodd                                    0x0800c648   Data          40  atan.o(.constdata)
    aTeven                                   0x0800c670   Data          48  atan.o(.constdata)
    .constdata                               0x0800c6a0   Section       48  cos_i.o(.constdata)
    C                                        0x0800c6a0   Data          48  cos_i.o(.constdata)
    .constdata                               0x0800c6d0   Section        8  qnan.o(.constdata)
    .constdata                               0x0800c6d8   Section      200  rred.o(.constdata)
    pio2s                                    0x0800c6d8   Data          48  rred.o(.constdata)
    twooverpi                                0x0800c708   Data         152  rred.o(.constdata)
    .constdata                               0x0800c7a0   Section       40  sin_i.o(.constdata)
    S                                        0x0800c7a0   Data          40  sin_i.o(.constdata)
    .data                                    0x20000000   Section       36  pmsm_control.o(.data)
    .data                                    0x20000024   Section       96  main.o(.data)
    .data                                    0x20000084   Section        8  stm32f4xx_it.o(.data)
    .data                                    0x2000008c   Section       12  stm32f4xx_hal.o(.data)
    .data                                    0x20000098   Section        4  system_stm32f4xx.o(.data)
    .bss                                     0x2000009c   Section      332  main.o(.bss)
    .bss                                     0x200001e8   Section       96  main.o(.bss)
    .bss                                     0x20000248   Section       96  libspace.o(.bss)
    HEAP                                     0x200002a8   Section      512  startup_stm32f407xx.o(HEAP)
    Heap_Mem                                 0x200002a8   Data         512  startup_stm32f407xx.o(HEAP)
    STACK                                    0x200004a8   Section     1024  startup_stm32f407xx.o(STACK)
    Stack_Mem                                0x200004a8   Data        1024  startup_stm32f407xx.o(STACK)
    __initial_sp                             0x200008a8   Data           0  startup_stm32f407xx.o(STACK)

    Global Symbols

    Symbol Name                              Value     Ov Type        Size  Object(Section)

    BuildAttributes$$THM_ISAv4$E$P$D$K$B$S$7EM$VFPi3$EXTD16$VFPS$VFMA$PE$A:L22UL41UL21$X:L11$S22US41US21$IEEE1$IW$USESV6$~STKCKD$USESV7$~SHL$OTIME$ROPI$IEEEX$EBA8$UX$STANDARDLIB$REQ8$PRES8$EABIv2 0x00000000   Number         0  anon$$obj.o ABSOLUTE
    __ARM_use_no_argv                        0x00000000   Number         0  main.o ABSOLUTE
    __ARM_exceptions_init                     - Undefined Weak Reference
    __alloca_initialize                       - Undefined Weak Reference
    __arm_preinit_                            - Undefined Weak Reference
    __cpp_initialize__aeabi_                  - Undefined Weak Reference
    __cxa_finalize                            - Undefined Weak Reference
    __rt_locale                               - Undefined Weak Reference
    __sigvec_lookup                           - Undefined Weak Reference
    _atexit_init                              - Undefined Weak Reference
    _call_atexit_fns                          - Undefined Weak Reference
    _clock_init                               - Undefined Weak Reference
    _fp_trap_init                             - Undefined Weak Reference
    _fp_trap_shutdown                         - Undefined Weak Reference
    _get_lc_collate                           - Undefined Weak Reference
    _get_lc_ctype                             - Undefined Weak Reference
    _get_lc_monetary                          - Undefined Weak Reference
    _get_lc_numeric                           - Undefined Weak Reference
    _get_lc_time                              - Undefined Weak Reference
    _getenv_init                              - Undefined Weak Reference
    _handle_redirection                       - Undefined Weak Reference
    _init_alloc                               - Undefined Weak Reference
    _init_user_alloc                          - Undefined Weak Reference
    _initio                                   - Undefined Weak Reference
    _rand_init                                - Undefined Weak Reference
    _signal_finish                            - Undefined Weak Reference
    _signal_init                              - Undefined Weak Reference
    _terminate_alloc                          - Undefined Weak Reference
    _terminate_user_alloc                     - Undefined Weak Reference
    _terminateio                              - Undefined Weak Reference
    __Vectors_Size                           0x00000188   Number         0  startup_stm32f407xx.o ABSOLUTE
    __Vectors                                0x08000000   Data           4  startup_stm32f407xx.o(RESET)
    __Vectors_End                            0x08000188   Data           0  startup_stm32f407xx.o(RESET)
    __main                                   0x08000189   Thumb Code     8  __main.o(!!!main)
    __scatterload                            0x08000191   Thumb Code     0  __scatter.o(!!!scatter)
    __scatterload_rt2                        0x08000191   Thumb Code    44  __scatter.o(!!!scatter)
    __scatterload_rt2_thumb_only             0x08000191   Thumb Code     0  __scatter.o(!!!scatter)
    __scatterload_null                       0x0800019f   Thumb Code     0  __scatter.o(!!!scatter)
    __scatterload_copy                       0x080001c5   Thumb Code    26  __scatter_copy.o(!!handler_copy)
    __scatterload_zeroinit                   0x080001e1   Thumb Code    28  __scatter_zi.o(!!handler_zi)
    __rt_lib_init                            0x080001fd   Thumb Code     0  libinit.o(.ARM.Collect$$libinit$$00000000)
    __rt_lib_init_fp_1                       0x080001ff   Thumb Code     0  libinit2.o(.ARM.Collect$$libinit$$00000001)
    __rt_lib_init_alloca_1                   0x08000203   Thumb Code     0  libinit2.o(.ARM.Collect$$libinit$$0000002E)
    __rt_lib_init_argv_1                     0x08000203   Thumb Code     0  libinit2.o(.ARM.Collect$$libinit$$0000002C)
    __rt_lib_init_atexit_1                   0x08000203   Thumb Code     0  libinit2.o(.ARM.Collect$$libinit$$0000001B)
    __rt_lib_init_clock_1                    0x08000203   Thumb Code     0  libinit2.o(.ARM.Collect$$libinit$$00000021)
    __rt_lib_init_cpp_1                      0x08000203   Thumb Code     0  libinit2.o(.ARM.Collect$$libinit$$00000032)
    __rt_lib_init_exceptions_1               0x08000203   Thumb Code     0  libinit2.o(.ARM.Collect$$libinit$$00000030)
    __rt_lib_init_fp_trap_1                  0x08000203   Thumb Code     0  libinit2.o(.ARM.Collect$$libinit$$0000001F)
    __rt_lib_init_getenv_1                   0x08000203   Thumb Code     0  libinit2.o(.ARM.Collect$$libinit$$00000023)
    __rt_lib_init_heap_1                     0x08000203   Thumb Code     0  libinit2.o(.ARM.Collect$$libinit$$0000000A)
    __rt_lib_init_lc_collate_1               0x08000203   Thumb Code     0  libinit2.o(.ARM.Collect$$libinit$$00000011)
    __rt_lib_init_lc_ctype_1                 0x08000203   Thumb Code     0  libinit2.o(.ARM.Collect$$libinit$$00000013)
    __rt_lib_init_lc_monetary_1              0x08000203   Thumb Code     0  libinit2.o(.ARM.Collect$$libinit$$00000015)
    __rt_lib_init_lc_numeric_1               0x08000203   Thumb Code     0  libinit2.o(.ARM.Collect$$libinit$$00000017)
    __rt_lib_init_lc_time_1                  0x08000203   Thumb Code     0  libinit2.o(.ARM.Collect$$libinit$$00000019)
    __rt_lib_init_preinit_1                  0x08000203   Thumb Code     0  libinit2.o(.ARM.Collect$$libinit$$00000004)
    __rt_lib_init_rand_1                     0x08000203   Thumb Code     0  libinit2.o(.ARM.Collect$$libinit$$0000000E)
    __rt_lib_init_return                     0x08000203   Thumb Code     0  libinit2.o(.ARM.Collect$$libinit$$00000033)
    __rt_lib_init_signal_1                   0x08000203   Thumb Code     0  libinit2.o(.ARM.Collect$$libinit$$0000001D)
    __rt_lib_init_stdio_1                    0x08000203   Thumb Code     0  libinit2.o(.ARM.Collect$$libinit$$00000025)
    __rt_lib_init_user_alloc_1               0x08000203   Thumb Code     0  libinit2.o(.ARM.Collect$$libinit$$0000000C)
    __rt_lib_shutdown                        0x08000205   Thumb Code     0  libshutdown.o(.ARM.Collect$$libshutdown$$00000000)
    __rt_lib_shutdown_cpp_1                  0x08000207   Thumb Code     0  libshutdown2.o(.ARM.Collect$$libshutdown$$00000002)
    __rt_lib_shutdown_fp_trap_1              0x08000207   Thumb Code     0  libshutdown2.o(.ARM.Collect$$libshutdown$$00000007)
    __rt_lib_shutdown_heap_1                 0x08000207   Thumb Code     0  libshutdown2.o(.ARM.Collect$$libshutdown$$0000000F)
    __rt_lib_shutdown_return                 0x08000207   Thumb Code     0  libshutdown2.o(.ARM.Collect$$libshutdown$$00000010)
    __rt_lib_shutdown_signal_1               0x08000207   Thumb Code     0  libshutdown2.o(.ARM.Collect$$libshutdown$$0000000A)
    __rt_lib_shutdown_stdio_1                0x08000207   Thumb Code     0  libshutdown2.o(.ARM.Collect$$libshutdown$$00000004)
    __rt_lib_shutdown_user_alloc_1           0x08000207   Thumb Code     0  libshutdown2.o(.ARM.Collect$$libshutdown$$0000000C)
    __rt_entry                               0x08000209   Thumb Code     0  __rtentry.o(.ARM.Collect$$rtentry$$00000000)
    __rt_entry_presh_1                       0x08000209   Thumb Code     0  __rtentry2.o(.ARM.Collect$$rtentry$$00000002)
    __rt_entry_sh                            0x08000209   Thumb Code     0  __rtentry4.o(.ARM.Collect$$rtentry$$00000004)
    __rt_entry_li                            0x0800020f   Thumb Code     0  __rtentry2.o(.ARM.Collect$$rtentry$$0000000A)
    __rt_entry_postsh_1                      0x0800020f   Thumb Code     0  __rtentry2.o(.ARM.Collect$$rtentry$$00000009)
    __rt_entry_main                          0x08000213   Thumb Code     0  __rtentry2.o(.ARM.Collect$$rtentry$$0000000D)
    __rt_entry_postli_1                      0x08000213   Thumb Code     0  __rtentry2.o(.ARM.Collect$$rtentry$$0000000C)
    __rt_exit                                0x0800021b   Thumb Code     0  rtexit.o(.ARM.Collect$$rtexit$$00000000)
    __rt_exit_ls                             0x0800021d   Thumb Code     0  rtexit2.o(.ARM.Collect$$rtexit$$00000003)
    __rt_exit_prels_1                        0x0800021d   Thumb Code     0  rtexit2.o(.ARM.Collect$$rtexit$$00000002)
    __rt_exit_exit                           0x08000221   Thumb Code     0  rtexit2.o(.ARM.Collect$$rtexit$$00000004)
    Reset_Handler                            0x08000229   Thumb Code     8  startup_stm32f407xx.o(.text)
    CAN1_RX0_IRQHandler                      0x08000243   Thumb Code     0  startup_stm32f407xx.o(.text)
    CAN1_RX1_IRQHandler                      0x08000243   Thumb Code     0  startup_stm32f407xx.o(.text)
    CAN1_SCE_IRQHandler                      0x08000243   Thumb Code     0  startup_stm32f407xx.o(.text)
    CAN1_TX_IRQHandler                       0x08000243   Thumb Code     0  startup_stm32f407xx.o(.text)
    CAN2_RX0_IRQHandler                      0x08000243   Thumb Code     0  startup_stm32f407xx.o(.text)
    CAN2_RX1_IRQHandler                      0x08000243   Thumb Code     0  startup_stm32f407xx.o(.text)
    CAN2_SCE_IRQHandler                      0x08000243   Thumb Code     0  startup_stm32f407xx.o(.text)
    CAN2_TX_IRQHandler                       0x08000243   Thumb Code     0  startup_stm32f407xx.o(.text)
    DCMI_IRQHandler                          0x08000243   Thumb Code     0  startup_stm32f407xx.o(.text)
    DMA1_Stream0_IRQHandler                  0x08000243   Thumb Code     0  startup_stm32f407xx.o(.text)
    DMA1_Stream1_IRQHandler                  0x08000243   Thumb Code     0  startup_stm32f407xx.o(.text)
    DMA1_Stream2_IRQHandler                  0x08000243   Thumb Code     0  startup_stm32f407xx.o(.text)
    DMA1_Stream3_IRQHandler                  0x08000243   Thumb Code     0  startup_stm32f407xx.o(.text)
    DMA1_Stream4_IRQHandler                  0x08000243   Thumb Code     0  startup_stm32f407xx.o(.text)
    DMA1_Stream5_IRQHandler                  0x08000243   Thumb Code     0  startup_stm32f407xx.o(.text)
    DMA1_Stream6_IRQHandler                  0x08000243   Thumb Code     0  startup_stm32f407xx.o(.text)
    DMA1_Stream7_IRQHandler                  0x08000243   Thumb Code     0  startup_stm32f407xx.o(.text)
    DMA2_Stream1_IRQHandler                  0x08000243   Thumb Code     0  startup_stm32f407xx.o(.text)
    DMA2_Stream2_IRQHandler                  0x08000243   Thumb Code     0  startup_stm32f407xx.o(.text)
    DMA2_Stream3_IRQHandler                  0x08000243   Thumb Code     0  startup_stm32f407xx.o(.text)
    DMA2_Stream4_IRQHandler                  0x08000243   Thumb Code     0  startup_stm32f407xx.o(.text)
    DMA2_Stream5_IRQHandler                  0x08000243   Thumb Code     0  startup_stm32f407xx.o(.text)
    DMA2_Stream6_IRQHandler                  0x08000243   Thumb Code     0  startup_stm32f407xx.o(.text)
    DMA2_Stream7_IRQHandler                  0x08000243   Thumb Code     0  startup_stm32f407xx.o(.text)
    ETH_IRQHandler                           0x08000243   Thumb Code     0  startup_stm32f407xx.o(.text)
    ETH_WKUP_IRQHandler                      0x08000243   Thumb Code     0  startup_stm32f407xx.o(.text)
    EXTI0_IRQHandler                         0x08000243   Thumb Code     0  startup_stm32f407xx.o(.text)
    EXTI15_10_IRQHandler                     0x08000243   Thumb Code     0  startup_stm32f407xx.o(.text)
    EXTI1_IRQHandler                         0x08000243   Thumb Code     0  startup_stm32f407xx.o(.text)
    EXTI2_IRQHandler                         0x08000243   Thumb Code     0  startup_stm32f407xx.o(.text)
    EXTI3_IRQHandler                         0x08000243   Thumb Code     0  startup_stm32f407xx.o(.text)
    EXTI4_IRQHandler                         0x08000243   Thumb Code     0  startup_stm32f407xx.o(.text)
    EXTI9_5_IRQHandler                       0x08000243   Thumb Code     0  startup_stm32f407xx.o(.text)
    FLASH_IRQHandler                         0x08000243   Thumb Code     0  startup_stm32f407xx.o(.text)
    FMC_IRQHandler                           0x08000243   Thumb Code     0  startup_stm32f407xx.o(.text)
    FPU_IRQHandler                           0x08000243   Thumb Code     0  startup_stm32f407xx.o(.text)
    HASH_RNG_IRQHandler                      0x08000243   Thumb Code     0  startup_stm32f407xx.o(.text)
    I2C1_ER_IRQHandler                       0x08000243   Thumb Code     0  startup_stm32f407xx.o(.text)
    I2C1_EV_IRQHandler                       0x08000243   Thumb Code     0  startup_stm32f407xx.o(.text)
    I2C2_ER_IRQHandler                       0x08000243   Thumb Code     0  startup_stm32f407xx.o(.text)
    I2C2_EV_IRQHandler                       0x08000243   Thumb Code     0  startup_stm32f407xx.o(.text)
    I2C3_ER_IRQHandler                       0x08000243   Thumb Code     0  startup_stm32f407xx.o(.text)
    I2C3_EV_IRQHandler                       0x08000243   Thumb Code     0  startup_stm32f407xx.o(.text)
    OTG_FS_IRQHandler                        0x08000243   Thumb Code     0  startup_stm32f407xx.o(.text)
    OTG_FS_WKUP_IRQHandler                   0x08000243   Thumb Code     0  startup_stm32f407xx.o(.text)
    OTG_HS_EP1_IN_IRQHandler                 0x08000243   Thumb Code     0  startup_stm32f407xx.o(.text)
    OTG_HS_EP1_OUT_IRQHandler                0x08000243   Thumb Code     0  startup_stm32f407xx.o(.text)
    OTG_HS_IRQHandler                        0x08000243   Thumb Code     0  startup_stm32f407xx.o(.text)
    OTG_HS_WKUP_IRQHandler                   0x08000243   Thumb Code     0  startup_stm32f407xx.o(.text)
    PVD_IRQHandler                           0x08000243   Thumb Code     0  startup_stm32f407xx.o(.text)
    RCC_IRQHandler                           0x08000243   Thumb Code     0  startup_stm32f407xx.o(.text)
    RTC_Alarm_IRQHandler                     0x08000243   Thumb Code     0  startup_stm32f407xx.o(.text)
    RTC_WKUP_IRQHandler                      0x08000243   Thumb Code     0  startup_stm32f407xx.o(.text)
    SDIO_IRQHandler                          0x08000243   Thumb Code     0  startup_stm32f407xx.o(.text)
    SPI1_IRQHandler                          0x08000243   Thumb Code     0  startup_stm32f407xx.o(.text)
    SPI2_IRQHandler                          0x08000243   Thumb Code     0  startup_stm32f407xx.o(.text)
    SPI3_IRQHandler                          0x08000243   Thumb Code     0  startup_stm32f407xx.o(.text)
    TAMP_STAMP_IRQHandler                    0x08000243   Thumb Code     0  startup_stm32f407xx.o(.text)
    TIM1_BRK_TIM9_IRQHandler                 0x08000243   Thumb Code     0  startup_stm32f407xx.o(.text)
    TIM1_CC_IRQHandler                       0x08000243   Thumb Code     0  startup_stm32f407xx.o(.text)
    TIM1_TRG_COM_TIM11_IRQHandler            0x08000243   Thumb Code     0  startup_stm32f407xx.o(.text)
    TIM1_UP_TIM10_IRQHandler                 0x08000243   Thumb Code     0  startup_stm32f407xx.o(.text)
    TIM2_IRQHandler                          0x08000243   Thumb Code     0  startup_stm32f407xx.o(.text)
    TIM3_IRQHandler                          0x08000243   Thumb Code     0  startup_stm32f407xx.o(.text)
    TIM4_IRQHandler                          0x08000243   Thumb Code     0  startup_stm32f407xx.o(.text)
    TIM6_DAC_IRQHandler                      0x08000243   Thumb Code     0  startup_stm32f407xx.o(.text)
    TIM7_IRQHandler                          0x08000243   Thumb Code     0  startup_stm32f407xx.o(.text)
    TIM8_BRK_TIM12_IRQHandler                0x08000243   Thumb Code     0  startup_stm32f407xx.o(.text)
    TIM8_CC_IRQHandler                       0x08000243   Thumb Code     0  startup_stm32f407xx.o(.text)
    TIM8_TRG_COM_TIM14_IRQHandler            0x08000243   Thumb Code     0  startup_stm32f407xx.o(.text)
    UART4_IRQHandler                         0x08000243   Thumb Code     0  startup_stm32f407xx.o(.text)
    UART5_IRQHandler                         0x08000243   Thumb Code     0  startup_stm32f407xx.o(.text)
    USART1_IRQHandler                        0x08000243   Thumb Code     0  startup_stm32f407xx.o(.text)
    USART2_IRQHandler                        0x08000243   Thumb Code     0  startup_stm32f407xx.o(.text)
    USART3_IRQHandler                        0x08000243   Thumb Code     0  startup_stm32f407xx.o(.text)
    USART6_IRQHandler                        0x08000243   Thumb Code     0  startup_stm32f407xx.o(.text)
    WWDG_IRQHandler                          0x08000243   Thumb Code     0  startup_stm32f407xx.o(.text)
    __user_initial_stackheap                 0x08000245   Thumb Code     0  startup_stm32f407xx.o(.text)
    __aeabi_uldivmod                         0x08000269   Thumb Code     0  lludivv7m.o(.text)
    _ll_udiv                                 0x08000269   Thumb Code   238  lludivv7m.o(.text)
    __aeabi_memclr4                          0x08000357   Thumb Code     0  rt_memclr_w.o(.text)
    __aeabi_memclr8                          0x08000357   Thumb Code     0  rt_memclr_w.o(.text)
    __rt_memclr_w                            0x08000357   Thumb Code    78  rt_memclr_w.o(.text)
    _memset_w                                0x0800035b   Thumb Code     0  rt_memclr_w.o(.text)
    __use_two_region_memory                  0x080003a5   Thumb Code     2  heapauxi.o(.text)
    __rt_heap_escrow$2region                 0x080003a7   Thumb Code     2  heapauxi.o(.text)
    __rt_heap_expand$2region                 0x080003a9   Thumb Code     2  heapauxi.o(.text)
    __read_errno                             0x080003ab   Thumb Code    10  _rserrno.o(.text)
    __set_errno                              0x080003b5   Thumb Code    12  _rserrno.o(.text)
    __aeabi_errno_addr                       0x080003c1   Thumb Code     8  rt_errno_addr_intlibspace.o(.text)
    __errno$intlibspace                      0x080003c1   Thumb Code     0  rt_errno_addr_intlibspace.o(.text)
    __rt_errno_addr$intlibspace              0x080003c1   Thumb Code     0  rt_errno_addr_intlibspace.o(.text)
    __user_libspace                          0x080003c9   Thumb Code     8  libspace.o(.text)
    __user_perproc_libspace                  0x080003c9   Thumb Code     0  libspace.o(.text)
    __user_perthread_libspace                0x080003c9   Thumb Code     0  libspace.o(.text)
    __user_setup_stackheap                   0x080003d1   Thumb Code    74  sys_stackheap_outer.o(.text)
    exit                                     0x0800041b   Thumb Code    18  exit.o(.text)
    _sys_exit                                0x0800042d   Thumb Code     8  sys_exit.o(.text)
    __I$use$semihosting                      0x08000439   Thumb Code     0  use_no_semi.o(.text)
    __use_no_semihosting_swi                 0x08000439   Thumb Code     2  use_no_semi.o(.text)
    __semihosting_library_function           0x0800043b   Thumb Code     0  indicate_semi.o(.text)
    ADC_CALIB_OFFSET                         0x0800043d   Thumb Code    90  main.o(i.ADC_CALIB_OFFSET)
    ADC_IRQHandler                           0x08000535   Thumb Code     6  stm32f4xx_it.o(i.ADC_IRQHandler)
    BusFault_Handler                         0x08000669   Thumb Code     2  stm32f4xx_it.o(i.BusFault_Handler)
    DMA2_Stream0_IRQHandler                  0x0800066d   Thumb Code     6  stm32f4xx_it.o(i.DMA2_Stream0_IRQHandler)
    DebugMon_Handler                         0x0800071d   Thumb Code     2  stm32f4xx_it.o(i.DebugMon_Handler)
    Error_Handler                            0x0800071f   Thumb Code     4  main.o(i.Error_Handler)
    HAL_ADCEx_InjectedConvCpltCallback       0x08000723   Thumb Code     2  stm32f4xx_hal_adc_ex.o(i.HAL_ADCEx_InjectedConvCpltCallback)
    HAL_ADC_ConfigChannel                    0x08000725   Thumb Code   316  stm32f4xx_hal_adc.o(i.HAL_ADC_ConfigChannel)
    HAL_ADC_ConvCpltCallback                 0x08000871   Thumb Code   794  main.o(i.HAL_ADC_ConvCpltCallback)
    HAL_ADC_ConvHalfCpltCallback             0x08000bd1   Thumb Code     2  stm32f4xx_hal_adc.o(i.HAL_ADC_ConvHalfCpltCallback)
    HAL_ADC_ErrorCallback                    0x08000bd3   Thumb Code     2  stm32f4xx_hal_adc.o(i.HAL_ADC_ErrorCallback)
    HAL_ADC_IRQHandler                       0x08000bd5   Thumb Code   302  stm32f4xx_hal_adc.o(i.HAL_ADC_IRQHandler)
    HAL_ADC_Init                             0x08000d03   Thumb Code    84  stm32f4xx_hal_adc.o(i.HAL_ADC_Init)
    HAL_ADC_LevelOutOfWindowCallback         0x08000d57   Thumb Code     2  stm32f4xx_hal_adc.o(i.HAL_ADC_LevelOutOfWindowCallback)
    HAL_ADC_MspInit                          0x08000d59   Thumb Code   152  stm32f4xx_hal_msp.o(i.HAL_ADC_MspInit)
    HAL_ADC_Start_DMA                        0x08000e05   Thumb Code   302  stm32f4xx_hal_adc.o(i.HAL_ADC_Start_DMA)
    HAL_DAC_ConfigChannel                    0x08000f59   Thumb Code    70  stm32f4xx_hal_dac.o(i.HAL_DAC_ConfigChannel)
    HAL_DAC_Init                             0x08000f9f   Thumb Code    40  stm32f4xx_hal_dac.o(i.HAL_DAC_Init)
    HAL_DAC_MspInit                          0x08000fc9   Thumb Code    84  stm32f4xx_hal_msp.o(i.HAL_DAC_MspInit)
    HAL_DAC_SetValue                         0x08001029   Thumb Code    26  stm32f4xx_hal_dac.o(i.HAL_DAC_SetValue)
    HAL_DAC_Start                            0x08001043   Thumb Code    92  stm32f4xx_hal_dac.o(i.HAL_DAC_Start)
    HAL_DMA_IRQHandler                       0x080010a1   Thumb Code   412  stm32f4xx_hal_dma.o(i.HAL_DMA_IRQHandler)
    HAL_DMA_Init                             0x08001241   Thumb Code   206  stm32f4xx_hal_dma.o(i.HAL_DMA_Init)
    HAL_DMA_Start_IT                         0x08001315   Thumb Code   110  stm32f4xx_hal_dma.o(i.HAL_DMA_Start_IT)
    HAL_GPIO_Init                            0x08001385   Thumb Code   450  stm32f4xx_hal_gpio.o(i.HAL_GPIO_Init)
    HAL_GPIO_WritePin                        0x08001575   Thumb Code    10  stm32f4xx_hal_gpio.o(i.HAL_GPIO_WritePin)
    HAL_GetTick                              0x08001581   Thumb Code     6  stm32f4xx_hal.o(i.HAL_GetTick)
    HAL_IncTick                              0x0800158d   Thumb Code    12  stm32f4xx_hal.o(i.HAL_IncTick)
    HAL_Init                                 0x0800159d   Thumb Code    48  stm32f4xx_hal.o(i.HAL_Init)
    HAL_InitTick                             0x080015d1   Thumb Code    54  stm32f4xx_hal.o(i.HAL_InitTick)
    HAL_MspInit                              0x08001611   Thumb Code    42  stm32f4xx_hal_msp.o(i.HAL_MspInit)
    HAL_NVIC_EnableIRQ                       0x08001641   Thumb Code    26  stm32f4xx_hal_cortex.o(i.HAL_NVIC_EnableIRQ)
    HAL_NVIC_SetPriority                     0x0800165d   Thumb Code    60  stm32f4xx_hal_cortex.o(i.HAL_NVIC_SetPriority)
    HAL_NVIC_SetPriorityGrouping             0x0800169d   Thumb Code    26  stm32f4xx_hal_cortex.o(i.HAL_NVIC_SetPriorityGrouping)
    HAL_RCC_ClockConfig                      0x080016c1   Thumb Code   288  stm32f4xx_hal_rcc.o(i.HAL_RCC_ClockConfig)
    HAL_RCC_GetSysClockFreq                  0x080017f5   Thumb Code    88  stm32f4xx_hal_rcc.o(i.HAL_RCC_GetSysClockFreq)
    HAL_RCC_OscConfig                        0x08001859   Thumb Code   856  stm32f4xx_hal_rcc.o(i.HAL_RCC_OscConfig)
    HAL_SYSTICK_Config                       0x08001bc5   Thumb Code    40  stm32f4xx_hal_cortex.o(i.HAL_SYSTICK_Config)
    HAL_TIMEx_BreakCallback                  0x08001bed   Thumb Code     2  stm32f4xx_hal_tim_ex.o(i.HAL_TIMEx_BreakCallback)
    HAL_TIMEx_CommutCallback                 0x08001bef   Thumb Code     2  stm32f4xx_hal_tim_ex.o(i.HAL_TIMEx_CommutCallback)
    HAL_TIMEx_ConfigBreakDeadTime            0x08001bf1   Thumb Code    84  stm32f4xx_hal_tim_ex.o(i.HAL_TIMEx_ConfigBreakDeadTime)
    HAL_TIMEx_MasterConfigSynchronization    0x08001c45   Thumb Code   116  stm32f4xx_hal_tim_ex.o(i.HAL_TIMEx_MasterConfigSynchronization)
    HAL_TIMEx_PWMN_Start                     0x08001cd5   Thumb Code   164  stm32f4xx_hal_tim_ex.o(i.HAL_TIMEx_PWMN_Start)
    HAL_TIM_Base_Init                        0x08001d95   Thumb Code    90  stm32f4xx_hal_tim.o(i.HAL_TIM_Base_Init)
    HAL_TIM_Base_MspInit                     0x08001df1   Thumb Code    76  stm32f4xx_hal_msp.o(i.HAL_TIM_Base_MspInit)
    HAL_TIM_Base_Start                       0x08001e45   Thumb Code    90  stm32f4xx_hal_tim.o(i.HAL_TIM_Base_Start)
    HAL_TIM_Base_Start_IT                    0x08001ebd   Thumb Code   100  stm32f4xx_hal_tim.o(i.HAL_TIM_Base_Start_IT)
    HAL_TIM_ConfigClockSource                0x08001f3d   Thumb Code   220  stm32f4xx_hal_tim.o(i.HAL_TIM_ConfigClockSource)
    HAL_TIM_IC_CaptureCallback               0x08002019   Thumb Code     2  stm32f4xx_hal_tim.o(i.HAL_TIM_IC_CaptureCallback)
    HAL_TIM_IC_ConfigChannel                 0x0800201b   Thumb Code   286  stm32f4xx_hal_tim.o(i.HAL_TIM_IC_ConfigChannel)
    HAL_TIM_IC_Init                          0x08002139   Thumb Code    90  stm32f4xx_hal_tim.o(i.HAL_TIM_IC_Init)
    HAL_TIM_IC_MspInit                       0x08002195   Thumb Code   106  stm32f4xx_hal_msp.o(i.HAL_TIM_IC_MspInit)
    HAL_TIM_IC_Start_IT                      0x0800220d   Thumb Code   240  stm32f4xx_hal_tim.o(i.HAL_TIM_IC_Start_IT)
    HAL_TIM_IRQHandler                       0x08002319   Thumb Code   358  stm32f4xx_hal_tim.o(i.HAL_TIM_IRQHandler)
    HAL_TIM_MspPostInit                      0x08002481   Thumb Code   152  stm32f4xx_hal_msp.o(i.HAL_TIM_MspPostInit)
    HAL_TIM_OC_ConfigChannel                 0x0800252d   Thumb Code    82  stm32f4xx_hal_tim.o(i.HAL_TIM_OC_ConfigChannel)
    HAL_TIM_OC_DelayElapsedCallback          0x0800257f   Thumb Code     2  stm32f4xx_hal_tim.o(i.HAL_TIM_OC_DelayElapsedCallback)
    HAL_TIM_OC_Init                          0x08002581   Thumb Code    90  stm32f4xx_hal_tim.o(i.HAL_TIM_OC_Init)
    HAL_TIM_OC_MspInit                       0x080025db   Thumb Code     2  stm32f4xx_hal_tim.o(i.HAL_TIM_OC_MspInit)
    HAL_TIM_PWM_ConfigChannel                0x080025dd   Thumb Code   204  stm32f4xx_hal_tim.o(i.HAL_TIM_PWM_ConfigChannel)
    HAL_TIM_PWM_Init                         0x080026a9   Thumb Code    90  stm32f4xx_hal_tim.o(i.HAL_TIM_PWM_Init)
    HAL_TIM_PWM_MspInit                      0x08002703   Thumb Code     2  stm32f4xx_hal_tim.o(i.HAL_TIM_PWM_MspInit)
    HAL_TIM_PWM_PulseFinishedCallback        0x08002705   Thumb Code     2  stm32f4xx_hal_tim.o(i.HAL_TIM_PWM_PulseFinishedCallback)
    HAL_TIM_PWM_Start                        0x08002709   Thumb Code   172  stm32f4xx_hal_tim.o(i.HAL_TIM_PWM_Start)
    HAL_TIM_PeriodElapsedCallback            0x080027d1   Thumb Code     2  stm32f4xx_hal_tim.o(i.HAL_TIM_PeriodElapsedCallback)
    HAL_TIM_SlaveConfigSynchro               0x080027d3   Thumb Code    86  stm32f4xx_hal_tim.o(i.HAL_TIM_SlaveConfigSynchro)
    HAL_TIM_TriggerCallback                  0x08002829   Thumb Code     2  stm32f4xx_hal_tim.o(i.HAL_TIM_TriggerCallback)
    HardFault_Handler                        0x0800282b   Thumb Code     2  stm32f4xx_it.o(i.HardFault_Handler)
    MemManage_Handler                        0x08002bdd   Thumb Code     2  stm32f4xx_it.o(i.MemManage_Handler)
    NMI_Handler                              0x08002bdf   Thumb Code     2  stm32f4xx_it.o(i.NMI_Handler)
    PI_D                                     0x08002be1   Thumb Code   146  pmsm_control.o(i.PI_D)
    PI_Q                                     0x08002c8d   Thumb Code   146  pmsm_control.o(i.PI_Q)
    PI_speed                                 0x08002d39   Thumb Code   170  pmsm_control.o(i.PI_speed)
    PendSV_Handler                           0x08002e09   Thumb Code     2  stm32f4xx_it.o(i.PendSV_Handler)
    SVC_Handler                              0x08002e0b   Thumb Code     2  stm32f4xx_it.o(i.SVC_Handler)
    SysTick_Handler                          0x08002e0d   Thumb Code     4  stm32f4xx_it.o(i.SysTick_Handler)
    SystemClock_Config                       0x08002e11   Thumb Code   134  main.o(i.SystemClock_Config)
    SystemInit                               0x08002ea1   Thumb Code    12  system_stm32f4xx.o(i.SystemInit)
    TIM5_IRQHandler                          0x08002eb1   Thumb Code   116  stm32f4xx_it.o(i.TIM5_IRQHandler)
    TIM8_UP_TIM13_IRQHandler                 0x08002f39   Thumb Code     6  stm32f4xx_it.o(i.TIM8_UP_TIM13_IRQHandler)
    TIM_Base_SetConfig                       0x08002f45   Thumb Code   156  stm32f4xx_hal_tim.o(i.TIM_Base_SetConfig)
    TIM_CCxChannelCmd                        0x0800300d   Thumb Code    26  stm32f4xx_hal_tim.o(i.TIM_CCxChannelCmd)
    TIM_ETR_SetConfig                        0x08003041   Thumb Code    20  stm32f4xx_hal_tim.o(i.TIM_ETR_SetConfig)
    TIM_OC2_SetConfig                        0x080030c5   Thumb Code    98  stm32f4xx_hal_tim.o(i.TIM_OC2_SetConfig)
    TIM_TI1_SetConfig                        0x08003299   Thumb Code   100  stm32f4xx_hal_tim.o(i.TIM_TI1_SetConfig)
    UsageFault_Handler                       0x08003373   Thumb Code     2  stm32f4xx_it.o(i.UsageFault_Handler)
    __ARM_fpclassify                         0x08003375   Thumb Code    48  fpclassify.o(i.__ARM_fpclassify)
    __hardfp_atan                            0x080033c9   Thumb Code   622  atan.o(i.__hardfp_atan)
    __hardfp_atan2                           0x080036a1   Thumb Code   432  atan2.o(i.__hardfp_atan2)
    __hardfp_fmod                            0x08003891   Thumb Code   254  fmod.o(i.__hardfp_fmod)
    __hardfp_sin                             0x08003999   Thumb Code   180  sin.o(i.__hardfp_sin)
    __hardfp_sqrt                            0x08003a61   Thumb Code   122  sqrt.o(i.__hardfp_sqrt)
    __ieee754_rem_pio2                       0x08003ae1   Thumb Code   938  rred.o(i.__ieee754_rem_pio2)
    __kernel_cos                             0x08003f19   Thumb Code   322  cos_i.o(i.__kernel_cos)
    __kernel_poly                            0x08004089   Thumb Code   248  poly.o(i.__kernel_poly)
    __kernel_sin                             0x08004181   Thumb Code   280  sin_i.o(i.__kernel_sin)
    __mathlib_dbl_infnan                     0x080042b1   Thumb Code    20  dunder.o(i.__mathlib_dbl_infnan)
    __mathlib_dbl_infnan2                    0x080042c5   Thumb Code    20  dunder.o(i.__mathlib_dbl_infnan2)
    __mathlib_dbl_invalid                    0x080042d9   Thumb Code    24  dunder.o(i.__mathlib_dbl_invalid)
    __mathlib_dbl_underflow                  0x080042f9   Thumb Code    24  dunder.o(i.__mathlib_dbl_underflow)
    abc_to_alp_bet                           0x08004319   Thumb Code   120  pmsm_control.o(i.abc_to_alp_bet)
    atan                                     0x080043a9   Thumb Code    16  atan.o(i.atan)
    coslkrd                                  0x080043b9   Thumb Code    38  pmsm_control.o(i.coslkrd)
    current_calc                             0x080043ed   Thumb Code    44  pmsm_control.o(i.current_calc)
    fabs                                     0x08004421   Thumb Code    24  fabs.o(i.fabs)
    lowpass                                  0x08004439   Thumb Code    46  main.o(i.lowpass)
    main                                     0x08004469   Thumb Code   322  main.o(i.main)
    sinlkrd                                  0x080045c1   Thumb Code    38  pmsm_control.o(i.sinlkrd)
    svpwm                                    0x080045f5   Thumb Code   504  main.o(i.svpwm)
    __aeabi_dneg                             0x08004811   Thumb Code     0  basic.o(x$fpl$basic)
    _dneg                                    0x08004811   Thumb Code     6  basic.o(x$fpl$basic)
    __aeabi_fneg                             0x08004817   Thumb Code     0  basic.o(x$fpl$basic)
    _fneg                                    0x08004817   Thumb Code     6  basic.o(x$fpl$basic)
    _dabs                                    0x0800481d   Thumb Code     6  basic.o(x$fpl$basic)
    _fabs                                    0x08004823   Thumb Code     6  basic.o(x$fpl$basic)
    __aeabi_d2f                              0x08004829   Thumb Code     0  d2f.o(x$fpl$d2f)
    _d2f                                     0x08004829   Thumb Code    98  d2f.o(x$fpl$d2f)
    __aeabi_dadd                             0x0800488d   Thumb Code     0  daddsub_clz.o(x$fpl$dadd)
    _dadd                                    0x0800488d   Thumb Code   332  daddsub_clz.o(x$fpl$dadd)
    __aeabi_ddiv                             0x080049dd   Thumb Code     0  ddiv.o(x$fpl$ddiv)
    _ddiv                                    0x080049dd   Thumb Code   552  ddiv.o(x$fpl$ddiv)
    __aeabi_d2iz                             0x08004c8d   Thumb Code     0  dfix.o(x$fpl$dfix)
    _dfix                                    0x08004c8d   Thumb Code    94  dfix.o(x$fpl$dfix)
    __aeabi_d2uiz                            0x08004ced   Thumb Code     0  dfixu.o(x$fpl$dfixu)
    _dfixu                                   0x08004ced   Thumb Code    90  dfixu.o(x$fpl$dfixu)
    __aeabi_i2d                              0x08004d47   Thumb Code     0  dflt_clz.o(x$fpl$dflt)
    _dflt                                    0x08004d47   Thumb Code    46  dflt_clz.o(x$fpl$dflt)
    __aeabi_ui2d                             0x08004d75   Thumb Code     0  dflt_clz.o(x$fpl$dfltu)
    _dfltu                                   0x08004d75   Thumb Code    38  dflt_clz.o(x$fpl$dfltu)
    __aeabi_dmul                             0x08004d9d   Thumb Code     0  dmul.o(x$fpl$dmul)
    _dmul                                    0x08004d9d   Thumb Code   332  dmul.o(x$fpl$dmul)
    __fpl_dnaninf                            0x08004ef1   Thumb Code   156  dnaninf.o(x$fpl$dnaninf)
    _drem                                    0x08004f8d   Thumb Code   328  drem_clz.o(x$fpl$drem)
    __fpl_dretinf                            0x080050dd   Thumb Code    12  dretinf.o(x$fpl$dretinf)
    __aeabi_drsub                            0x080050e9   Thumb Code     0  daddsub_clz.o(x$fpl$drsb)
    _drsb                                    0x080050e9   Thumb Code    22  daddsub_clz.o(x$fpl$drsb)
    _dsqrt                                   0x08005101   Thumb Code   404  dsqrt_umaal.o(x$fpl$dsqrt)
    __aeabi_dsub                             0x08005299   Thumb Code     0  daddsub_clz.o(x$fpl$dsub)
    _dsub                                    0x08005299   Thumb Code   464  daddsub_clz.o(x$fpl$dsub)
    __aeabi_f2d                              0x0800546d   Thumb Code     0  f2d.o(x$fpl$f2d)
    _f2d                                     0x0800546d   Thumb Code    86  f2d.o(x$fpl$f2d)
    __fpl_fnaninf                            0x080054c3   Thumb Code   140  fnaninf.o(x$fpl$fnaninf)
    _fp_init                                 0x0800554f   Thumb Code    10  fpinit.o(x$fpl$fpinit)
    __fplib_config_fpu_vfp                   0x08005557   Thumb Code     0  fpinit.o(x$fpl$fpinit)
    __fplib_config_pureend_doubles           0x08005557   Thumb Code     0  fpinit.o(x$fpl$fpinit)
    __fpl_fretinf                            0x08005559   Thumb Code    10  fretinf.o(x$fpl$fretinf)
    __I$use$fp                               0x08005562   Number         0  usenofp.o(x$fpl$usenofp)
    AHBPrescTable                            0x0800c5f4   Data          16  system_stm32f4xx.o(.constdata)
    __mathlib_zero                           0x0800c6d0   Data           8  qnan.o(.constdata)
    Region$$Table$$Base                      0x0800c7c8   Number         0  anon$$obj.o(Region$$Table)
    Region$$Table$$Limit                     0x0800c7e8   Number         0  anon$$obj.o(Region$$Table)
    spd_err                                  0x20000000   Data           4  pmsm_control.o(.data)
    actual_current                           0x20000004   Data           4  pmsm_control.o(.data)
    spd_err_next                             0x20000008   Data           4  pmsm_control.o(.data)
    Q_err                                    0x2000000c   Data           4  pmsm_control.o(.data)
    Q_actual                                 0x20000010   Data           4  pmsm_control.o(.data)
    Q_err_next                               0x20000014   Data           4  pmsm_control.o(.data)
    D_err                                    0x20000018   Data           4  pmsm_control.o(.data)
    D_actual                                 0x2000001c   Data           4  pmsm_control.o(.data)
    D_err_next                               0x20000020   Data           4  pmsm_control.o(.data)
    direct                                   0x20000024   Data           1  main.o(.data)
    w_count                                  0x20000025   Data           1  main.o(.data)
    calib_flag                               0x20000026   Data           1  main.o(.data)
    motor_mode                               0x20000027   Data           1  main.o(.data)
    calib_count                              0x20000028   Data           2  main.o(.data)
    ADC_OFFSET_1                             0x2000002a   Data           2  main.o(.data)
    ADC_OFFSET_2                             0x2000002c   Data           2  main.o(.data)
    ADC_OFFSET_3                             0x2000002e   Data           2  main.o(.data)
    U_alpha                                  0x20000030   Data           4  main.o(.data)
    U_beta                                   0x20000034   Data           4  main.o(.data)
    U_d                                      0x20000038   Data           4  main.o(.data)
    U_q                                      0x2000003c   Data           4  main.o(.data)
    elecTheta                                0x20000040   Data           4  main.o(.data)
    Ia                                       0x20000044   Data           4  main.o(.data)
    Ib                                       0x20000048   Data           4  main.o(.data)
    Ic                                       0x2000004c   Data           4  main.o(.data)
    I_alpha                                  0x20000050   Data           4  main.o(.data)
    I_beta                                   0x20000054   Data           4  main.o(.data)
    I_d                                      0x20000058   Data           4  main.o(.data)
    I_q                                      0x2000005c   Data           4  main.o(.data)
    I_q_ref                                  0x20000060   Data           4  main.o(.data)
    U_max                                    0x20000064   Data           4  main.o(.data)
    mech_w                                   0x20000068   Data           4  main.o(.data)
    mech_rpm                                 0x2000006c   Data           4  main.o(.data)
    elec_w                                   0x20000070   Data           4  main.o(.data)
    prev_elec_w                              0x20000074   Data           4  main.o(.data)
    ave_elec_w                               0x20000078   Data           4  main.o(.data)
    sum_elec_w                               0x2000007c   Data           4  main.o(.data)
    ab_theta                                 0x20000080   Data           4  main.o(.data)
    A_lead                                   0x20000084   Data           1  stm32f4xx_it.o(.data)
    B_lead                                   0x20000085   Data           1  stm32f4xx_it.o(.data)
    chanA_tim1                               0x20000086   Data           2  stm32f4xx_it.o(.data)
    chanA_tim2                               0x20000088   Data           2  stm32f4xx_it.o(.data)
    period                                   0x2000008a   Data           2  stm32f4xx_it.o(.data)
    uwTickFreq                               0x2000008c   Data           1  stm32f4xx_hal.o(.data)
    uwTickPrio                               0x20000090   Data           4  stm32f4xx_hal.o(.data)
    uwTick                                   0x20000094   Data           4  stm32f4xx_hal.o(.data)
    SystemCoreClock                          0x20000098   Data           4  system_stm32f4xx.o(.data)
    adcVal                                   0x2000009c   Data          12  main.o(.bss)
    switchtime                               0x200000a8   Data          12  main.o(.bss)
    hadc3                                    0x200000b4   Data          72  main.o(.bss)
    hdac                                     0x200000fc   Data          20  main.o(.bss)
    htim2                                    0x20000110   Data          72  main.o(.bss)
    htim5                                    0x20000158   Data          72  main.o(.bss)
    htim8                                    0x200001a0   Data          72  main.o(.bss)
    hdma_adc3                                0x200001e8   Data          96  main.o(.bss)
    __libspace_start                         0x20000248   Data          96  libspace.o(.bss)
    __temporary_stack_top$libspace           0x200002a8   Data           0  libspace.o(.bss)



==============================================================================

Memory Map of the image

  Image Entry point : 0x08000189

  Load Region LR_IROM1 (Base: 0x08000000, Size: 0x0000c884, Max: 0x00100000, ABSOLUTE)

    Execution Region ER_IROM1 (Exec base: 0x08000000, Load base: 0x08000000, Size: 0x0000c7e8, Max: 0x00100000, ABSOLUTE)

    Exec Addr    Load Addr    Size         Type   Attr      Idx    E Section Name        Object

    0x08000000   0x08000000   0x00000188   Data   RO            3    RESET               startup_stm32f407xx.o
    0x08000188   0x08000188   0x00000008   Code   RO         3155  * !!!main             c_w.l(__main.o)
    0x08000190   0x08000190   0x00000034   Code   RO         3479    !!!scatter          c_w.l(__scatter.o)
    0x080001c4   0x080001c4   0x0000001a   Code   RO         3481    !!handler_copy      c_w.l(__scatter_copy.o)
    0x080001de   0x080001de   0x00000002   PAD
    0x080001e0   0x080001e0   0x0000001c   Code   RO         3483    !!handler_zi        c_w.l(__scatter_zi.o)
    0x080001fc   0x080001fc   0x00000002   Code   RO         3352    .ARM.Collect$$libinit$$00000000  c_w.l(libinit.o)
    0x080001fe   0x080001fe   0x00000004   Code   RO         3361    .ARM.Collect$$libinit$$00000001  c_w.l(libinit2.o)
    0x08000202   0x08000202   0x00000000   Code   RO         3364    .ARM.Collect$$libinit$$00000004  c_w.l(libinit2.o)
    0x08000202   0x08000202   0x00000000   Code   RO         3367    .ARM.Collect$$libinit$$0000000A  c_w.l(libinit2.o)
    0x08000202   0x08000202   0x00000000   Code   RO         3369    .ARM.Collect$$libinit$$0000000C  c_w.l(libinit2.o)
    0x08000202   0x08000202   0x00000000   Code   RO         3371    .ARM.Collect$$libinit$$0000000E  c_w.l(libinit2.o)
    0x08000202   0x08000202   0x00000000   Code   RO         3374    .ARM.Collect$$libinit$$00000011  c_w.l(libinit2.o)
    0x08000202   0x08000202   0x00000000   Code   RO         3376    .ARM.Collect$$libinit$$00000013  c_w.l(libinit2.o)
    0x08000202   0x08000202   0x00000000   Code   RO         3378    .ARM.Collect$$libinit$$00000015  c_w.l(libinit2.o)
    0x08000202   0x08000202   0x00000000   Code   RO         3380    .ARM.Collect$$libinit$$00000017  c_w.l(libinit2.o)
    0x08000202   0x08000202   0x00000000   Code   RO         3382    .ARM.Collect$$libinit$$00000019  c_w.l(libinit2.o)
    0x08000202   0x08000202   0x00000000   Code   RO         3384    .ARM.Collect$$libinit$$0000001B  c_w.l(libinit2.o)
    0x08000202   0x08000202   0x00000000   Code   RO         3386    .ARM.Collect$$libinit$$0000001D  c_w.l(libinit2.o)
    0x08000202   0x08000202   0x00000000   Code   RO         3388    .ARM.Collect$$libinit$$0000001F  c_w.l(libinit2.o)
    0x08000202   0x08000202   0x00000000   Code   RO         3390    .ARM.Collect$$libinit$$00000021  c_w.l(libinit2.o)
    0x08000202   0x08000202   0x00000000   Code   RO         3392    .ARM.Collect$$libinit$$00000023  c_w.l(libinit2.o)
    0x08000202   0x08000202   0x00000000   Code   RO         3394    .ARM.Collect$$libinit$$00000025  c_w.l(libinit2.o)
    0x08000202   0x08000202   0x00000000   Code   RO         3398    .ARM.Collect$$libinit$$0000002C  c_w.l(libinit2.o)
    0x08000202   0x08000202   0x00000000   Code   RO         3400    .ARM.Collect$$libinit$$0000002E  c_w.l(libinit2.o)
    0x08000202   0x08000202   0x00000000   Code   RO         3402    .ARM.Collect$$libinit$$00000030  c_w.l(libinit2.o)
    0x08000202   0x08000202   0x00000000   Code   RO         3404    .ARM.Collect$$libinit$$00000032  c_w.l(libinit2.o)
    0x08000202   0x08000202   0x00000002   Code   RO         3405    .ARM.Collect$$libinit$$00000033  c_w.l(libinit2.o)
    0x08000204   0x08000204   0x00000002   Code   RO         3436    .ARM.Collect$$libshutdown$$00000000  c_w.l(libshutdown.o)
    0x08000206   0x08000206   0x00000000   Code   RO         3462    .ARM.Collect$$libshutdown$$00000002  c_w.l(libshutdown2.o)
    0x08000206   0x08000206   0x00000000   Code   RO         3464    .ARM.Collect$$libshutdown$$00000004  c_w.l(libshutdown2.o)
    0x08000206   0x08000206   0x00000000   Code   RO         3467    .ARM.Collect$$libshutdown$$00000007  c_w.l(libshutdown2.o)
    0x08000206   0x08000206   0x00000000   Code   RO         3470    .ARM.Collect$$libshutdown$$0000000A  c_w.l(libshutdown2.o)
    0x08000206   0x08000206   0x00000000   Code   RO         3472    .ARM.Collect$$libshutdown$$0000000C  c_w.l(libshutdown2.o)
    0x08000206   0x08000206   0x00000000   Code   RO         3475    .ARM.Collect$$libshutdown$$0000000F  c_w.l(libshutdown2.o)
    0x08000206   0x08000206   0x00000002   Code   RO         3476    .ARM.Collect$$libshutdown$$00000010  c_w.l(libshutdown2.o)
    0x08000208   0x08000208   0x00000000   Code   RO         3235    .ARM.Collect$$rtentry$$00000000  c_w.l(__rtentry.o)
    0x08000208   0x08000208   0x00000000   Code   RO         3309    .ARM.Collect$$rtentry$$00000002  c_w.l(__rtentry2.o)
    0x08000208   0x08000208   0x00000006   Code   RO         3321    .ARM.Collect$$rtentry$$00000004  c_w.l(__rtentry4.o)
    0x0800020e   0x0800020e   0x00000000   Code   RO         3311    .ARM.Collect$$rtentry$$00000009  c_w.l(__rtentry2.o)
    0x0800020e   0x0800020e   0x00000004   Code   RO         3312    .ARM.Collect$$rtentry$$0000000A  c_w.l(__rtentry2.o)
    0x08000212   0x08000212   0x00000000   Code   RO         3314    .ARM.Collect$$rtentry$$0000000C  c_w.l(__rtentry2.o)
    0x08000212   0x08000212   0x00000008   Code   RO         3315    .ARM.Collect$$rtentry$$0000000D  c_w.l(__rtentry2.o)
    0x0800021a   0x0800021a   0x00000002   Code   RO         3353    .ARM.Collect$$rtexit$$00000000  c_w.l(rtexit.o)
    0x0800021c   0x0800021c   0x00000000   Code   RO         3409    .ARM.Collect$$rtexit$$00000002  c_w.l(rtexit2.o)
    0x0800021c   0x0800021c   0x00000004   Code   RO         3410    .ARM.Collect$$rtexit$$00000003  c_w.l(rtexit2.o)
    0x08000220   0x08000220   0x00000006   Code   RO         3411    .ARM.Collect$$rtexit$$00000004  c_w.l(rtexit2.o)
    0x08000226   0x08000226   0x00000002   PAD
    0x08000228   0x08000228   0x00000040   Code   RO            4    .text               startup_stm32f407xx.o
    0x08000268   0x08000268   0x000000ee   Code   RO         3149    .text               c_w.l(lludivv7m.o)
    0x08000356   0x08000356   0x0000004e   Code   RO         3151    .text               c_w.l(rt_memclr_w.o)
    0x080003a4   0x080003a4   0x00000006   Code   RO         3153    .text               c_w.l(heapauxi.o)
    0x080003aa   0x080003aa   0x00000016   Code   RO         3240    .text               c_w.l(_rserrno.o)
    0x080003c0   0x080003c0   0x00000008   Code   RO         3328    .text               c_w.l(rt_errno_addr_intlibspace.o)
    0x080003c8   0x080003c8   0x00000008   Code   RO         3336    .text               c_w.l(libspace.o)
    0x080003d0   0x080003d0   0x0000004a   Code   RO         3339    .text               c_w.l(sys_stackheap_outer.o)
    0x0800041a   0x0800041a   0x00000012   Code   RO         3341    .text               c_w.l(exit.o)
    0x0800042c   0x0800042c   0x0000000c   Code   RO         3406    .text               c_w.l(sys_exit.o)
    0x08000438   0x08000438   0x00000002   Code   RO         3425    .text               c_w.l(use_no_semi.o)
    0x0800043a   0x0800043a   0x00000000   Code   RO         3427    .text               c_w.l(indicate_semi.o)
    0x0800043a   0x0800043a   0x00000002   PAD
    0x0800043c   0x0800043c   0x00000068   Code   RO          197    i.ADC_CALIB_OFFSET  main.o
    0x080004a4   0x080004a4   0x0000006e   Code   RO          489    i.ADC_DMAConvCplt   stm32f4xx_hal_adc.o
    0x08000512   0x08000512   0x00000016   Code   RO          490    i.ADC_DMAError      stm32f4xx_hal_adc.o
    0x08000528   0x08000528   0x0000000a   Code   RO          491    i.ADC_DMAHalfConvCplt  stm32f4xx_hal_adc.o
    0x08000532   0x08000532   0x00000002   PAD
    0x08000534   0x08000534   0x0000000c   Code   RO          305    i.ADC_IRQHandler    stm32f4xx_it.o
    0x08000540   0x08000540   0x00000128   Code   RO          492    i.ADC_Init          stm32f4xx_hal_adc.o
    0x08000668   0x08000668   0x00000002   Code   RO          306    i.BusFault_Handler  stm32f4xx_it.o
    0x0800066a   0x0800066a   0x00000002   PAD
    0x0800066c   0x0800066c   0x0000000c   Code   RO          307    i.DMA2_Stream0_IRQHandler  stm32f4xx_it.o
    0x08000678   0x08000678   0x00000028   Code   RO         1226    i.DMA_CalcBaseAndBitshift  stm32f4xx_hal_dma.o
    0x080006a0   0x080006a0   0x00000054   Code   RO         1227    i.DMA_CheckFifoParam  stm32f4xx_hal_dma.o
    0x080006f4   0x080006f4   0x00000028   Code   RO         1228    i.DMA_SetConfig     stm32f4xx_hal_dma.o
    0x0800071c   0x0800071c   0x00000002   Code   RO          308    i.DebugMon_Handler  stm32f4xx_it.o
    0x0800071e   0x0800071e   0x00000004   Code   RO          198    i.Error_Handler     main.o
    0x08000722   0x08000722   0x00000002   Code   RO          663    i.HAL_ADCEx_InjectedConvCpltCallback  stm32f4xx_hal_adc_ex.o
    0x08000724   0x08000724   0x0000014c   Code   RO          494    i.HAL_ADC_ConfigChannel  stm32f4xx_hal_adc.o
    0x08000870   0x08000870   0x00000360   Code   RO          199    i.HAL_ADC_ConvCpltCallback  main.o
    0x08000bd0   0x08000bd0   0x00000002   Code   RO          496    i.HAL_ADC_ConvHalfCpltCallback  stm32f4xx_hal_adc.o
    0x08000bd2   0x08000bd2   0x00000002   Code   RO          498    i.HAL_ADC_ErrorCallback  stm32f4xx_hal_adc.o
    0x08000bd4   0x08000bd4   0x0000012e   Code   RO          502    i.HAL_ADC_IRQHandler  stm32f4xx_hal_adc.o
    0x08000d02   0x08000d02   0x00000054   Code   RO          503    i.HAL_ADC_Init      stm32f4xx_hal_adc.o
    0x08000d56   0x08000d56   0x00000002   Code   RO          504    i.HAL_ADC_LevelOutOfWindowCallback  stm32f4xx_hal_adc.o
    0x08000d58   0x08000d58   0x000000ac   Code   RO          411    i.HAL_ADC_MspInit   stm32f4xx_hal_msp.o
    0x08000e04   0x08000e04   0x00000154   Code   RO          510    i.HAL_ADC_Start_DMA  stm32f4xx_hal_adc.o
    0x08000f58   0x08000f58   0x00000046   Code   RO         1902    i.HAL_DAC_ConfigChannel  stm32f4xx_hal_dac.o
    0x08000f9e   0x08000f9e   0x00000028   Code   RO         1912    i.HAL_DAC_Init      stm32f4xx_hal_dac.o
    0x08000fc6   0x08000fc6   0x00000002   PAD
    0x08000fc8   0x08000fc8   0x00000060   Code   RO          413    i.HAL_DAC_MspInit   stm32f4xx_hal_msp.o
    0x08001028   0x08001028   0x0000001a   Code   RO         1915    i.HAL_DAC_SetValue  stm32f4xx_hal_dac.o
    0x08001042   0x08001042   0x0000005c   Code   RO         1916    i.HAL_DAC_Start     stm32f4xx_hal_dac.o
    0x0800109e   0x0800109e   0x00000002   PAD
    0x080010a0   0x080010a0   0x000001a0   Code   RO         1234    i.HAL_DMA_IRQHandler  stm32f4xx_hal_dma.o
    0x08001240   0x08001240   0x000000d4   Code   RO         1235    i.HAL_DMA_Init      stm32f4xx_hal_dma.o
    0x08001314   0x08001314   0x0000006e   Code   RO         1239    i.HAL_DMA_Start_IT  stm32f4xx_hal_dma.o
    0x08001382   0x08001382   0x00000002   PAD
    0x08001384   0x08001384   0x000001f0   Code   RO         1122    i.HAL_GPIO_Init     stm32f4xx_hal_gpio.o
    0x08001574   0x08001574   0x0000000a   Code   RO         1126    i.HAL_GPIO_WritePin  stm32f4xx_hal_gpio.o
    0x0800157e   0x0800157e   0x00000002   PAD
    0x08001580   0x08001580   0x0000000c   Code   RO         1654    i.HAL_GetTick       stm32f4xx_hal.o
    0x0800158c   0x0800158c   0x00000010   Code   RO         1660    i.HAL_IncTick       stm32f4xx_hal.o
    0x0800159c   0x0800159c   0x00000034   Code   RO         1661    i.HAL_Init          stm32f4xx_hal.o
    0x080015d0   0x080015d0   0x00000040   Code   RO         1662    i.HAL_InitTick      stm32f4xx_hal.o
    0x08001610   0x08001610   0x00000030   Code   RO          414    i.HAL_MspInit       stm32f4xx_hal_msp.o
    0x08001640   0x08001640   0x0000001a   Code   RO         1511    i.HAL_NVIC_EnableIRQ  stm32f4xx_hal_cortex.o
    0x0800165a   0x0800165a   0x00000002   PAD
    0x0800165c   0x0800165c   0x00000040   Code   RO         1517    i.HAL_NVIC_SetPriority  stm32f4xx_hal_cortex.o
    0x0800169c   0x0800169c   0x00000024   Code   RO         1518    i.HAL_NVIC_SetPriorityGrouping  stm32f4xx_hal_cortex.o
    0x080016c0   0x080016c0   0x00000134   Code   RO          768    i.HAL_RCC_ClockConfig  stm32f4xx_hal_rcc.o
    0x080017f4   0x080017f4   0x00000064   Code   RO          777    i.HAL_RCC_GetSysClockFreq  stm32f4xx_hal_rcc.o
    0x08001858   0x08001858   0x0000036c   Code   RO          780    i.HAL_RCC_OscConfig  stm32f4xx_hal_rcc.o
    0x08001bc4   0x08001bc4   0x00000028   Code   RO         1522    i.HAL_SYSTICK_Config  stm32f4xx_hal_cortex.o
    0x08001bec   0x08001bec   0x00000002   Code   RO         2845    i.HAL_TIMEx_BreakCallback  stm32f4xx_hal_tim_ex.o
    0x08001bee   0x08001bee   0x00000002   Code   RO         2846    i.HAL_TIMEx_CommutCallback  stm32f4xx_hal_tim_ex.o
    0x08001bf0   0x08001bf0   0x00000054   Code   RO         2848    i.HAL_TIMEx_ConfigBreakDeadTime  stm32f4xx_hal_tim_ex.o
    0x08001c44   0x08001c44   0x00000090   Code   RO         2864    i.HAL_TIMEx_MasterConfigSynchronization  stm32f4xx_hal_tim_ex.o
    0x08001cd4   0x08001cd4   0x000000c0   Code   RO         2875    i.HAL_TIMEx_PWMN_Start  stm32f4xx_hal_tim_ex.o
    0x08001d94   0x08001d94   0x0000005a   Code   RO         2141    i.HAL_TIM_Base_Init  stm32f4xx_hal_tim.o
    0x08001dee   0x08001dee   0x00000002   PAD
    0x08001df0   0x08001df0   0x00000054   Code   RO          416    i.HAL_TIM_Base_MspInit  stm32f4xx_hal_msp.o
    0x08001e44   0x08001e44   0x00000078   Code   RO         2144    i.HAL_TIM_Base_Start  stm32f4xx_hal_tim.o
    0x08001ebc   0x08001ebc   0x00000080   Code   RO         2146    i.HAL_TIM_Base_Start_IT  stm32f4xx_hal_tim.o
    0x08001f3c   0x08001f3c   0x000000dc   Code   RO         2150    i.HAL_TIM_ConfigClockSource  stm32f4xx_hal_tim.o
    0x08002018   0x08002018   0x00000002   Code   RO         2175    i.HAL_TIM_IC_CaptureCallback  stm32f4xx_hal_tim.o
    0x0800201a   0x0800201a   0x0000011e   Code   RO         2177    i.HAL_TIM_IC_ConfigChannel  stm32f4xx_hal_tim.o
    0x08002138   0x08002138   0x0000005a   Code   RO         2180    i.HAL_TIM_IC_Init   stm32f4xx_hal_tim.o
    0x08002192   0x08002192   0x00000002   PAD
    0x08002194   0x08002194   0x00000078   Code   RO          418    i.HAL_TIM_IC_MspInit  stm32f4xx_hal_msp.o
    0x0800220c   0x0800220c   0x0000010c   Code   RO         2185    i.HAL_TIM_IC_Start_IT  stm32f4xx_hal_tim.o
    0x08002318   0x08002318   0x00000166   Code   RO         2189    i.HAL_TIM_IRQHandler  stm32f4xx_hal_tim.o
    0x0800247e   0x0800247e   0x00000002   PAD
    0x08002480   0x08002480   0x000000ac   Code   RO          419    i.HAL_TIM_MspPostInit  stm32f4xx_hal_msp.o
    0x0800252c   0x0800252c   0x00000052   Code   RO         2190    i.HAL_TIM_OC_ConfigChannel  stm32f4xx_hal_tim.o
    0x0800257e   0x0800257e   0x00000002   Code   RO         2192    i.HAL_TIM_OC_DelayElapsedCallback  stm32f4xx_hal_tim.o
    0x08002580   0x08002580   0x0000005a   Code   RO         2194    i.HAL_TIM_OC_Init   stm32f4xx_hal_tim.o
    0x080025da   0x080025da   0x00000002   Code   RO         2196    i.HAL_TIM_OC_MspInit  stm32f4xx_hal_tim.o
    0x080025dc   0x080025dc   0x000000cc   Code   RO         2213    i.HAL_TIM_PWM_ConfigChannel  stm32f4xx_hal_tim.o
    0x080026a8   0x080026a8   0x0000005a   Code   RO         2216    i.HAL_TIM_PWM_Init  stm32f4xx_hal_tim.o
    0x08002702   0x08002702   0x00000002   Code   RO         2218    i.HAL_TIM_PWM_MspInit  stm32f4xx_hal_tim.o
    0x08002704   0x08002704   0x00000002   Code   RO         2219    i.HAL_TIM_PWM_PulseFinishedCallback  stm32f4xx_hal_tim.o
    0x08002706   0x08002706   0x00000002   PAD
    0x08002708   0x08002708   0x000000c8   Code   RO         2221    i.HAL_TIM_PWM_Start  stm32f4xx_hal_tim.o
    0x080027d0   0x080027d0   0x00000002   Code   RO         2227    i.HAL_TIM_PeriodElapsedCallback  stm32f4xx_hal_tim.o
    0x080027d2   0x080027d2   0x00000056   Code   RO         2230    i.HAL_TIM_SlaveConfigSynchro  stm32f4xx_hal_tim.o
    0x08002828   0x08002828   0x00000002   Code   RO         2232    i.HAL_TIM_TriggerCallback  stm32f4xx_hal_tim.o
    0x0800282a   0x0800282a   0x00000002   Code   RO          309    i.HardFault_Handler  stm32f4xx_it.o
    0x0800282c   0x0800282c   0x00000090   Code   RO          200    i.MX_ADC3_Init      main.o
    0x080028bc   0x080028bc   0x000000e8   Code   RO          201    i.MX_GPIO_Init      main.o
    0x080029a4   0x080029a4   0x0000009c   Code   RO          202    i.MX_TIM2_Init      main.o
    0x08002a40   0x08002a40   0x0000008c   Code   RO          203    i.MX_TIM5_Init      main.o
    0x08002acc   0x08002acc   0x00000110   Code   RO          204    i.MX_TIM8_Init      main.o
    0x08002bdc   0x08002bdc   0x00000002   Code   RO          310    i.MemManage_Handler  stm32f4xx_it.o
    0x08002bde   0x08002bde   0x00000002   Code   RO          311    i.NMI_Handler       stm32f4xx_it.o
    0x08002be0   0x08002be0   0x000000ac   Code   RO           13    i.PI_D              pmsm_control.o
    0x08002c8c   0x08002c8c   0x000000ac   Code   RO           14    i.PI_Q              pmsm_control.o
    0x08002d38   0x08002d38   0x000000d0   Code   RO           15    i.PI_speed          pmsm_control.o
    0x08002e08   0x08002e08   0x00000002   Code   RO          312    i.PendSV_Handler    stm32f4xx_it.o
    0x08002e0a   0x08002e0a   0x00000002   Code   RO          313    i.SVC_Handler       stm32f4xx_it.o
    0x08002e0c   0x08002e0c   0x00000004   Code   RO          314    i.SysTick_Handler   stm32f4xx_it.o
    0x08002e10   0x08002e10   0x00000090   Code   RO          205    i.SystemClock_Config  main.o
    0x08002ea0   0x08002ea0   0x00000010   Code   RO         3113    i.SystemInit        system_stm32f4xx.o
    0x08002eb0   0x08002eb0   0x00000088   Code   RO          315    i.TIM5_IRQHandler   stm32f4xx_it.o
    0x08002f38   0x08002f38   0x0000000c   Code   RO          316    i.TIM8_UP_TIM13_IRQHandler  stm32f4xx_it.o
    0x08002f44   0x08002f44   0x000000c8   Code   RO         2234    i.TIM_Base_SetConfig  stm32f4xx_hal_tim.o
    0x0800300c   0x0800300c   0x0000001a   Code   RO         2235    i.TIM_CCxChannelCmd  stm32f4xx_hal_tim.o
    0x08003026   0x08003026   0x0000001a   Code   RO         2884    i.TIM_CCxNChannelCmd  stm32f4xx_hal_tim_ex.o
    0x08003040   0x08003040   0x00000014   Code   RO         2245    i.TIM_ETR_SetConfig  stm32f4xx_hal_tim.o
    0x08003054   0x08003054   0x00000010   Code   RO         2246    i.TIM_ITRx_SetConfig  stm32f4xx_hal_tim.o
    0x08003064   0x08003064   0x00000060   Code   RO         2247    i.TIM_OC1_SetConfig  stm32f4xx_hal_tim.o
    0x080030c4   0x080030c4   0x0000006c   Code   RO         2248    i.TIM_OC2_SetConfig  stm32f4xx_hal_tim.o
    0x08003130   0x08003130   0x00000068   Code   RO         2249    i.TIM_OC3_SetConfig  stm32f4xx_hal_tim.o
    0x08003198   0x08003198   0x00000050   Code   RO         2250    i.TIM_OC4_SetConfig  stm32f4xx_hal_tim.o
    0x080031e8   0x080031e8   0x0000008c   Code   RO         2251    i.TIM_SlaveTimer_SetConfig  stm32f4xx_hal_tim.o
    0x08003274   0x08003274   0x00000022   Code   RO         2252    i.TIM_TI1_ConfigInputStage  stm32f4xx_hal_tim.o
    0x08003296   0x08003296   0x00000002   PAD
    0x08003298   0x08003298   0x00000080   Code   RO         2253    i.TIM_TI1_SetConfig  stm32f4xx_hal_tim.o
    0x08003318   0x08003318   0x00000024   Code   RO         2254    i.TIM_TI2_ConfigInputStage  stm32f4xx_hal_tim.o
    0x0800333c   0x0800333c   0x00000036   Code   RO         2255    i.TIM_TI2_SetConfig  stm32f4xx_hal_tim.o
    0x08003372   0x08003372   0x00000002   Code   RO          317    i.UsageFault_Handler  stm32f4xx_it.o
    0x08003374   0x08003374   0x00000030   Code   RO         3332    i.__ARM_fpclassify  m_wm.l(fpclassify.o)
    0x080033a4   0x080033a4   0x00000020   Code   RO         1524    i.__NVIC_SetPriority  stm32f4xx_hal_cortex.o
    0x080033c4   0x080033c4   0x00000004   PAD
    0x080033c8   0x080033c8   0x000002d8   Code   RO         3259    i.__hardfp_atan     m_wm.l(atan.o)
    0x080036a0   0x080036a0   0x000001f0   Code   RO         3187    i.__hardfp_atan2    m_wm.l(atan2.o)
    0x08003890   0x08003890   0x00000104   Code   RO         3199    i.__hardfp_fmod     m_wm.l(fmod.o)
    0x08003994   0x08003994   0x00000004   PAD
    0x08003998   0x08003998   0x000000c8   Code   RO         3211    i.__hardfp_sin      m_wm.l(sin.o)
    0x08003a60   0x08003a60   0x0000007a   Code   RO         3223    i.__hardfp_sqrt     m_wm.l(sqrt.o)
    0x08003ada   0x08003ada   0x00000006   PAD
    0x08003ae0   0x08003ae0   0x00000438   Code   RO         3297    i.__ieee754_rem_pio2  m_wm.l(rred.o)
    0x08003f18   0x08003f18   0x00000170   Code   RO         3273    i.__kernel_cos      m_wm.l(cos_i.o)
    0x08004088   0x08004088   0x000000f8   Code   RO         3334    i.__kernel_poly     m_wm.l(poly.o)
    0x08004180   0x08004180   0x00000130   Code   RO         3302    i.__kernel_sin      m_wm.l(sin_i.o)
    0x080042b0   0x080042b0   0x00000014   Code   RO         3277    i.__mathlib_dbl_infnan  m_wm.l(dunder.o)
    0x080042c4   0x080042c4   0x00000014   Code   RO         3278    i.__mathlib_dbl_infnan2  m_wm.l(dunder.o)
    0x080042d8   0x080042d8   0x00000020   Code   RO         3279    i.__mathlib_dbl_invalid  m_wm.l(dunder.o)
    0x080042f8   0x080042f8   0x00000020   Code   RO         3282    i.__mathlib_dbl_underflow  m_wm.l(dunder.o)
    0x08004318   0x08004318   0x00000090   Code   RO           16    i.abc_to_alp_bet    pmsm_control.o
    0x080043a8   0x080043a8   0x00000010   Code   RO         3261    i.atan              m_wm.l(atan.o)
    0x080043b8   0x080043b8   0x00000034   Code   RO           17    i.coslkrd           pmsm_control.o
    0x080043ec   0x080043ec   0x00000034   Code   RO           18    i.current_calc      pmsm_control.o
    0x08004420   0x08004420   0x00000018   Code   RO         3292    i.fabs              m_wm.l(fabs.o)
    0x08004438   0x08004438   0x0000002e   Code   RO          207    i.lowpass           main.o
    0x08004466   0x08004466   0x00000002   PAD
    0x08004468   0x08004468   0x00000158   Code   RO          208    i.main              main.o
    0x080045c0   0x080045c0   0x00000034   Code   RO           19    i.sinlkrd           pmsm_control.o
    0x080045f4   0x080045f4   0x0000021c   Code   RO          209    i.svpwm             main.o
    0x08004810   0x08004810   0x00000018   Code   RO         3242    x$fpl$basic         fz_wm.l(basic.o)
    0x08004828   0x08004828   0x00000062   Code   RO         3157    x$fpl$d2f           fz_wm.l(d2f.o)
    0x0800488a   0x0800488a   0x00000002   PAD
    0x0800488c   0x0800488c   0x00000150   Code   RO         3159    x$fpl$dadd          fz_wm.l(daddsub_clz.o)
    0x080049dc   0x080049dc   0x000002b0   Code   RO         3166    x$fpl$ddiv          fz_wm.l(ddiv.o)
    0x08004c8c   0x08004c8c   0x0000005e   Code   RO         3169    x$fpl$dfix          fz_wm.l(dfix.o)
    0x08004cea   0x08004cea   0x00000002   PAD
    0x08004cec   0x08004cec   0x0000005a   Code   RO         3173    x$fpl$dfixu         fz_wm.l(dfixu.o)
    0x08004d46   0x08004d46   0x0000002e   Code   RO         3178    x$fpl$dflt          fz_wm.l(dflt_clz.o)
    0x08004d74   0x08004d74   0x00000026   Code   RO         3177    x$fpl$dfltu         fz_wm.l(dflt_clz.o)
    0x08004d9a   0x08004d9a   0x00000002   PAD
    0x08004d9c   0x08004d9c   0x00000154   Code   RO         3183    x$fpl$dmul          fz_wm.l(dmul.o)
    0x08004ef0   0x08004ef0   0x0000009c   Code   RO         3246    x$fpl$dnaninf       fz_wm.l(dnaninf.o)
    0x08004f8c   0x08004f8c   0x00000150   Code   RO         3248    x$fpl$drem          fz_wm.l(drem_clz.o)
    0x080050dc   0x080050dc   0x0000000c   Code   RO         3250    x$fpl$dretinf       fz_wm.l(dretinf.o)
    0x080050e8   0x080050e8   0x00000016   Code   RO         3160    x$fpl$drsb          fz_wm.l(daddsub_clz.o)
    0x080050fe   0x080050fe   0x00000002   PAD
    0x08005100   0x08005100   0x00000198   Code   RO         3252    x$fpl$dsqrt         fz_wm.l(dsqrt_umaal.o)
    0x08005298   0x08005298   0x000001d4   Code   RO         3161    x$fpl$dsub          fz_wm.l(daddsub_clz.o)
    0x0800546c   0x0800546c   0x00000056   Code   RO         3185    x$fpl$f2d           fz_wm.l(f2d.o)
    0x080054c2   0x080054c2   0x0000008c   Code   RO         3254    x$fpl$fnaninf       fz_wm.l(fnaninf.o)
    0x0800554e   0x0800554e   0x0000000a   Code   RO         3421    x$fpl$fpinit        fz_wm.l(fpinit.o)
    0x08005558   0x08005558   0x0000000a   Code   RO         3256    x$fpl$fretinf       fz_wm.l(fretinf.o)
    0x08005562   0x08005562   0x00000000   Code   RO         3258    x$fpl$usenofp       fz_wm.l(usenofp.o)
    0x08005562   0x08005562   0x00000002   PAD
    0x08005564   0x08005564   0x00007088   Data   RO           20    .constdata          pmsm_control.o
    0x0800c5ec   0x0800c5ec   0x00000008   Data   RO         1241    .constdata          stm32f4xx_hal_dma.o
    0x0800c5f4   0x0800c5f4   0x00000010   Data   RO         3114    .constdata          system_stm32f4xx.o
    0x0800c604   0x0800c604   0x00000004   PAD
    0x0800c608   0x0800c608   0x00000098   Data   RO         3262    .constdata          m_wm.l(atan.o)
    0x0800c6a0   0x0800c6a0   0x00000030   Data   RO         3274    .constdata          m_wm.l(cos_i.o)
    0x0800c6d0   0x0800c6d0   0x00000008   Data   RO         3296    .constdata          m_wm.l(qnan.o)
    0x0800c6d8   0x0800c6d8   0x000000c8   Data   RO         3299    .constdata          m_wm.l(rred.o)
    0x0800c7a0   0x0800c7a0   0x00000028   Data   RO         3303    .constdata          m_wm.l(sin_i.o)
    0x0800c7c8   0x0800c7c8   0x00000020   Data   RO         3477    Region$$Table       anon$$obj.o


    Execution Region RW_IRAM1 (Exec base: 0x20000000, Load base: 0x0800c7e8, Size: 0x000008a8, Max: 0x0001c000, ABSOLUTE)

    Exec Addr    Load Addr    Size         Type   Attr      Idx    E Section Name        Object

    0x20000000   0x0800c7e8   0x00000024   Data   RW           21    .data               pmsm_control.o
    0x20000024   0x0800c80c   0x00000060   Data   RW          212    .data               main.o
    0x20000084   0x0800c86c   0x00000008   Data   RW          318    .data               stm32f4xx_it.o
    0x2000008c   0x0800c874   0x0000000c   Data   RW         1668    .data               stm32f4xx_hal.o
    0x20000098   0x0800c880   0x00000004   Data   RW         3116    .data               system_stm32f4xx.o
    0x2000009c        -       0x0000014c   Zero   RW          210    .bss                main.o
    0x200001e8        -       0x00000060   Zero   RW          211    .bss                main.o
    0x20000248        -       0x00000060   Zero   RW         3337    .bss                c_w.l(libspace.o)
    0x200002a8        -       0x00000200   Zero   RW            2    HEAP                startup_stm32f407xx.o
    0x200004a8        -       0x00000400   Zero   RW            1    STACK               startup_stm32f407xx.o


    Execution Region RW_IRAM2 (Exec base: 0x2001c000, Load base: 0x0800c884, Size: 0x00000000, Max: 0x00004000, ABSOLUTE)

    **** No section assigned to this execution region ****


==============================================================================

Image component sizes


      Code (inc. data)   RO Data    RW Data    ZI Data      Debug   Object Name

      2990        210          0         96        428      12803   main.o
       852        150      28808         36          0     712799   pmsm_control.o
        64         26        392          0       1536        944   startup_stm32f407xx.o
       144         24          0         12          0       9537   stm32f4xx_hal.o
      1502         66          0          0          0       9742   stm32f4xx_hal_adc.o
         2          0          0          0          0       1201   stm32f4xx_hal_adc_ex.o
       198         14          0          0          0      34599   stm32f4xx_hal_cortex.o
       228          0          0          0          0       4002   stm32f4xx_hal_dac.o
       902         16          8          0          0       6571   stm32f4xx_hal_dma.o
       506         46          0          0          0       2516   stm32f4xx_hal_gpio.o
       692         80          0          0          0       5392   stm32f4xx_hal_msp.o
      1284         52          0          0          0       4482   stm32f4xx_hal_rcc.o
      3368        230          0          0          0      30365   stm32f4xx_hal_tim.o
       450         56          0          0          0       5500   stm32f4xx_hal_tim_ex.o
       192         38          0          8          0       8159   stm32f4xx_it.o
        16          4         16          4          0       1451   system_stm32f4xx.o

    ----------------------------------------------------------------------
     13420       1012      29260        156       1964     850063   Object Totals
         0          0         32          0          0          0   (incl. Generated)
        30          0          4          0          0          0   (incl. Padding)

    ----------------------------------------------------------------------

      Code (inc. data)   RO Data    RW Data    ZI Data      Debug   Library Member Name

         8          0          0          0          0         68   __main.o
         0          0          0          0          0          0   __rtentry.o
        12          0          0          0          0          0   __rtentry2.o
         6          0          0          0          0          0   __rtentry4.o
        52          8          0          0          0          0   __scatter.o
        26          0          0          0          0          0   __scatter_copy.o
        28          0          0          0          0          0   __scatter_zi.o
        22          0          0          0          0        100   _rserrno.o
        18          0          0          0          0         80   exit.o
         6          0          0          0          0        152   heapauxi.o
         0          0          0          0          0          0   indicate_semi.o
         2          0          0          0          0          0   libinit.o
         6          0          0          0          0          0   libinit2.o
         2          0          0          0          0          0   libshutdown.o
         2          0          0          0          0          0   libshutdown2.o
         8          4          0          0         96         68   libspace.o
       238          0          0          0          0        100   lludivv7m.o
         8          4          0          0          0         68   rt_errno_addr_intlibspace.o
        78          0          0          0          0         80   rt_memclr_w.o
         2          0          0          0          0          0   rtexit.o
        10          0          0          0          0          0   rtexit2.o
        12          4          0          0          0         68   sys_exit.o
        74          0          0          0          0         80   sys_stackheap_outer.o
         2          0          0          0          0         68   use_no_semi.o
        24          0          0          0          0        164   basic.o
        98          4          0          0          0        140   d2f.o
       826         16          0          0          0        492   daddsub_clz.o
       688        140          0          0          0        256   ddiv.o
        94          4          0          0          0        140   dfix.o
        90          4          0          0          0        140   dfixu.o
        84          0          0          0          0        232   dflt_clz.o
       340         12          0          0          0        152   dmul.o
       156          4          0          0          0        140   dnaninf.o
       336         12          0          0          0        136   drem_clz.o
        12          0          0          0          0        116   dretinf.o
       408         56          0          0          0        168   dsqrt_umaal.o
        86          4          0          0          0        132   f2d.o
       140          4          0          0          0        132   fnaninf.o
        10          0          0          0          0        116   fpinit.o
        10          0          0          0          0        116   fretinf.o
         0          0          0          0          0          0   usenofp.o
       744        106        152          0          0        352   atan.o
       496         64          0          0          0        192   atan2.o
       368         46         48          0          0        200   cos_i.o
       104         16          0          0          0        496   dunder.o
        24          0          0          0          0        124   fabs.o
       260          6          0          0          0        144   fmod.o
        48          0          0          0          0        124   fpclassify.o
       248          0          0          0          0        152   poly.o
         0          0          8          0          0          0   qnan.o
      1080        142        200          0          0        188   rred.o
       200         20          0          0          0        164   sin.o
       304         24         40          0          0        208   sin_i.o
       122          0          0          0          0        148   sqrt.o

    ----------------------------------------------------------------------
      8048        708        448          0         96       6196   Library Totals
        26          4          0          0          0          0   (incl. Padding)

    ----------------------------------------------------------------------

      Code (inc. data)   RO Data    RW Data    ZI Data      Debug   Library Name

       622         20          0          0         96        932   c_w.l
      3402        260          0          0          0       2772   fz_wm.l
      3998        424        448          0          0       2492   m_wm.l

    ----------------------------------------------------------------------
      8048        708        448          0         96       6196   Library Totals

    ----------------------------------------------------------------------

==============================================================================


      Code (inc. data)   RO Data    RW Data    ZI Data      Debug   

     21468       1720      29708        156       2060     841995   Grand Totals
     21468       1720      29708        156       2060     841995   ELF Image Totals
     21468       1720      29708        156          0          0   ROM Totals

==============================================================================

    Total RO  Size (Code + RO Data)                51176 (  49.98kB)
    Total RW  Size (RW Data + ZI Data)              2216 (   2.16kB)
    Total ROM Size (Code + RO Data + RW Data)      51332 (  50.13kB)

==============================================================================

