<html>
<body>
<pre>
<h1>µVision Build Log</h1>
<h2>Tool Versions:</h2>
IDE-Version: µVision V5.31.0.0
Copyright (C) 2020 ARM Ltd and ARM Germany GmbH. All rights reserved.
License Information: duy leanh, HP Inc., LIC=VGXG8-3LGFW-9UB4U-S4CQB-PV1YY-PM1VE
 
Tool Versions:
Toolchain:       MDK-ARM Plus  Version: 5.31.0.0
Toolchain Path:  C:\Keil_v5\ARM\ARMCC\Bin
C Compiler:      Armcc.exe V5.06 update 6 (build 750)
Assembler:       Armasm.exe V5.06 update 6 (build 750)
Linker/Locator:  ArmLink.exe V5.06 update 6 (build 750)
Library Manager: ArmAr.exe V5.06 update 6 (build 750)
Hex Converter:   FromElf.exe V5.06 update 6 (build 750)
CPU DLL:         SARMCM3.DLL V5.31.0.0
Dialog DLL:      DCM.DLL V1.17.3.0
Target DLL:      STLink\ST-LINKIII-KEIL_SWO.dll V3.0.7.0
Dialog DLL:      TCM.DLL V1.46.0.0
 
<h2>Project:</h2>
C:\Users\leanh\Downloads\PMSM_FOC_PI_tuned_pretty\PMSM_pray_for_FOC_try_encoder_w_to_theta\f407_14-2-23-16h06\f407\f407_try_DMA_ADC_timer_trigger\MDK-ARM\f407_try_DMA_ADC_timer_trigger.uvprojx
Project File Date:  04/11/2023

<h2>Output:</h2>
*** Using Compiler 'V5.06 update 6 (build 750)', folder: 'C:\Keil_v5\ARM\ARMCC\Bin'
Build target 'f407_try_DMA_ADC_timer_trigger'
compiling stm32f4xx_it.c...
compiling pmsm_control.c...
../Core/Inc/pmsm_control.h(373): warning:  #1-D: last line of file ends without a newline
  float PI_D (float temp_D) ;
pmsm_control.c(14): warning:  #1035-D: single-precision operand implicitly converted to double-precision
  	Out_sin =  sin_tab[((int)(In_Sin_rad*572.9577951))]; //  572.9577951 = 180/pi *10 (10 is sin_tab table)
pmsm_control.c(21): warning:  #1035-D: single-precision operand implicitly converted to double-precision
  	Out_sin =  cos_tab[((int)(In_Cos_rad*572.9577951))]; //  572.9577951 = 180/pi *10 (10 is sin_tab table)
pmsm_control.c(26): warning:  #1035-D: single-precision operand implicitly converted to double-precision
  			current = (ADC_value - ADC_offset)*sensor_gain ;
pmsm_control.c(31): warning:  #1035-D: single-precision operand implicitly converted to double-precision
  			spd_err = SPEED_REF - temp_spd ;  //SPEED_REF
pmsm_control.c(32): warning:  #1035-D: single-precision operand implicitly converted to double-precision
  			actual_current += spd_KP*(spd_err - spd_err_next ) + spd_KI_Ts*spd_err ;
pmsm_control.c(32): warning:  #1035-D: single-precision operand implicitly converted to double-precision
  			actual_current += spd_KP*(spd_err - spd_err_next ) + spd_KI_Ts*spd_err ;
pmsm_control.c(42): warning:  #1035-D: single-precision operand implicitly converted to double-precision
  			Q_actual += Q_KP*(Q_err - Q_err_next ) + Q_KI_Ts*Q_err ;
pmsm_control.c(42): warning:  #1035-D: single-precision operand implicitly converted to double-precision
  			Q_actual += Q_KP*(Q_err - Q_err_next ) + Q_KI_Ts*Q_err ;
pmsm_control.c(51): warning:  #1035-D: single-precision operand implicitly converted to double-precision
  			D_actual += D_KP*(D_err - D_err_next ) + D_KI_Ts*D_err ;
pmsm_control.c(51): warning:  #1035-D: single-precision operand implicitly converted to double-precision
  			D_actual += D_KP*(D_err - D_err_next ) + D_KI_Ts*D_err ;
pmsm_control.c(60): warning:  #1035-D: single-precision operand implicitly converted to double-precision
  (*al_out)=(0.6666666667)*(a_in -0.5*(b_in +c_in)); //2/3= 0.66667
pmsm_control.c: 12 warnings, 0 errors
compiling main.c...
../Core/Inc/pmsm_control.h(373): warning:  #1-D: last line of file ends without a newline
  float PI_D (float temp_D) ;
../Core/Src/main.c(118): warning:  #1035-D: single-precision operand implicitly converted to double-precision
  				elecTheta += elec_w*0.0002 ;
../Core/Src/main.c(119): warning:  #1035-D: single-precision operand implicitly converted to double-precision
  				if (elecTheta >= pi2 ) {elecTheta -= pi2 ; }
../Core/Src/main.c(119): warning:  #1035-D: single-precision operand implicitly converted to double-precision
  				if (elecTheta >= pi2 ) {elecTheta -= pi2 ; }
../Core/Src/main.c(130): warning:  #1035-D: single-precision operand implicitly converted to double-precision
  					elecTheta -= (prev_elec_w + elec_w)*0.0001 ;   // 0.0001 = Ts/2 = 0.0002/2 = (1/5000)/2
../Core/Src/main.c(131): warning:  #1035-D: single-precision operand implicitly converted to double-precision
  				  if (elecTheta >= pi2 ) {elecTheta -= pi2 ; }   //upper limit of Theta is 2pi
../Core/Src/main.c(131): warning:  #1035-D: single-precision operand implicitly converted to double-precision
  				  if (elecTheta >= pi2 ) {elecTheta -= pi2 ; }   //upper limit of Theta is 2pi
../Core/Src/main.c(132): warning:  #1035-D: single-precision operand implicitly converted to double-precision
  				  if (elecTheta <0 ) {elecTheta += pi2   ; }          // lower limit of Theta is 0 
../Core/Src/main.c(144): warning:  #1035-D: single-precision operand implicitly converted to double-precision
  					mech_rpm = ave_elec_w *2.387324146 ;
../Core/Src/main.c(196): warning:  #1035-D: single-precision operand implicitly converted to double-precision
  	 uint8_t sector = ab_theta /PIdiv3;
../Core/Src/main.c(203): warning:  #1035-D: single-precision operand implicitly converted to double-precision
  			float	U_ref_percent = (SQRT3)*(U_ref/U_DC); // previous: (2/_SQRT3)
../Core/Src/main.c(204): warning:  #1035-D: single-precision operand implicitly converted to double-precision
  	float t_1 = U_ref_percent*sin(PIdiv3-angle)*T_halfsample;
../Core/Src/main.c(206): warning:  #1035-D: single-precision operand implicitly converted to double-precision
  	float t_0 = T_halfsample - t_1 - t_2;
../Core/Src/main.c: 13 warnings, 0 errors
compiling stm32f4xx_hal_msp.c...
compiling stm32f4xx_hal_adc_ex.c...
compiling stm32f4xx_hal_adc.c...
compiling stm32f4xx_hal_flash.c...
compiling stm32f4xx_hal_rcc_ex.c...
compiling stm32f4xx_hal_rcc.c...
compiling stm32f4xx_hal_flash_ramfunc.c...
compiling stm32f4xx_hal_flash_ex.c...
compiling stm32f4xx_hal_gpio.c...
compiling stm32f4xx_hal_pwr.c...
compiling stm32f4xx_hal_dma.c...
compiling stm32f4xx_hal_dma_ex.c...
compiling stm32f4xx_hal_pwr_ex.c...
compiling stm32f4xx_hal_cortex.c...
compiling stm32f4xx_hal.c...
compiling stm32f4xx_hal_dac_ex.c...
compiling stm32f4xx_hal_exti.c...
compiling stm32f4xx_hal_dac.c...
compiling system_stm32f4xx.c...
compiling stm32f4xx_hal_tim_ex.c...
compiling stm32f4xx_hal_tim.c...
linking...
Program Size: Code=21468 RO-data=29708 RW-data=156 ZI-data=2060  
FromELF: creating hex file...
"f407_try_DMA_ADC_timer_trigger\f407_try_DMA_ADC_timer_trigger.axf" - 0 Error(s), 25 Warning(s).

<h2>Software Packages used:</h2>

Package Vendor: ARM
                http://www.keil.com/pack/ARM.CMSIS.5.7.0.pack
                ARM.CMSIS.5.7.0
                CMSIS (Cortex Microcontroller Software Interface Standard)
   * Component: CORE Version: 5.4.0

Package Vendor: Keil
                http://www.keil.com/pack/Keil.STM32F4xx_DFP.2.16.0.pack
                Keil.STM32F4xx_DFP.2.16.0
                STMicroelectronics STM32F4 Series Device Support, Drivers and Examples

<h2>Collection of Component include folders:</h2>
  .\RTE\_f407_try_DMA_ADC_timer_trigger
  C:\Users\leanh\AppData\Local\Arm\Packs\ARM\CMSIS\5.7.0\CMSIS\Core\Include
  C:\Users\leanh\AppData\Local\Arm\Packs\Keil\STM32F4xx_DFP\2.16.0\Drivers\CMSIS\Device\ST\STM32F4xx\Include

<h2>Collection of Component Files used:</h2>

   * Component: ARM::CMSIS:CORE:5.4.0
Build Time Elapsed:  00:01:16
</pre>
</body>
</html>
